<?xml version="1.0"?>
<link_info>
   <banner>TI ARM Linker PC v5.2.2</banner>
   <copyright>Copyright (c) 1996-2015 Texas Instruments Incorporated</copyright>
   <link_time>0x56585176</link_time>
   <link_errors>0x0</link_errors>
   <output_file>hello_World.out</output_file>
   <entry_point>
      <name>_c_int00</name>
      <address>0x200074e5</address>
   </entry_point>
   <input_file_list>
      <input_file id="fl-2">
         <path>.\</path>
         <kind>object</kind>
         <file>gpio_if.obj</file>
         <name>gpio_if.obj</name>
      </input_file>
      <input_file id="fl-3">
         <path>.\</path>
         <kind>object</kind>
         <file>hello.obj</file>
         <name>hello.obj</name>
      </input_file>
      <input_file id="fl-4">
         <path>.\</path>
         <kind>object</kind>
         <file>iodriver.obj</file>
         <name>iodriver.obj</name>
      </input_file>
      <input_file id="fl-5">
         <path>.\</path>
         <kind>object</kind>
         <file>startup_ccs.obj</file>
         <name>startup_ccs.obj</name>
      </input_file>
      <input_file id="fl-6">
         <path>.\</path>
         <kind>object</kind>
         <file>uart_if.obj</file>
         <name>uart_if.obj</name>
      </input_file>
      <input_file id="fl-12f">
         <path>C:\ti\ccsv6\tools\compiler\ti-cgt-arm_5.2.2\lib\</path>
         <kind>archive</kind>
         <file>rtsv7M4_T_le_eabi.lib</file>
         <name>boot.obj</name>
      </input_file>
      <input_file id="fl-130">
         <path>C:\ti\ccsv6\tools\compiler\ti-cgt-arm_5.2.2\lib\</path>
         <kind>archive</kind>
         <file>rtsv7M4_T_le_eabi.lib</file>
         <name>copy_decompress_none.obj</name>
      </input_file>
      <input_file id="fl-131">
         <path>C:\ti\ccsv6\tools\compiler\ti-cgt-arm_5.2.2\lib\</path>
         <kind>archive</kind>
         <file>rtsv7M4_T_le_eabi.lib</file>
         <name>copy_decompress_rle.obj</name>
      </input_file>
      <input_file id="fl-132">
         <path>C:\ti\ccsv6\tools\compiler\ti-cgt-arm_5.2.2\lib\</path>
         <kind>archive</kind>
         <file>rtsv7M4_T_le_eabi.lib</file>
         <name>copy_zero_init.obj</name>
      </input_file>
      <input_file id="fl-133">
         <path>C:\ti\ccsv6\tools\compiler\ti-cgt-arm_5.2.2\lib\</path>
         <kind>archive</kind>
         <file>rtsv7M4_T_le_eabi.lib</file>
         <name>exit.obj</name>
      </input_file>
      <input_file id="fl-134">
         <path>C:\ti\ccsv6\tools\compiler\ti-cgt-arm_5.2.2\lib\</path>
         <kind>archive</kind>
         <file>rtsv7M4_T_le_eabi.lib</file>
         <name>fd_add_t2.obj</name>
      </input_file>
      <input_file id="fl-135">
         <path>C:\ti\ccsv6\tools\compiler\ti-cgt-arm_5.2.2\lib\</path>
         <kind>archive</kind>
         <file>rtsv7M4_T_le_eabi.lib</file>
         <name>fd_tos_t2.obj</name>
      </input_file>
      <input_file id="fl-136">
         <path>C:\ti\ccsv6\tools\compiler\ti-cgt-arm_5.2.2\lib\</path>
         <kind>archive</kind>
         <file>rtsv7M4_T_le_eabi.lib</file>
         <name>fs_cmp_t2.obj</name>
      </input_file>
      <input_file id="fl-137">
         <path>C:\ti\ccsv6\tools\compiler\ti-cgt-arm_5.2.2\lib\</path>
         <kind>archive</kind>
         <file>rtsv7M4_T_le_eabi.lib</file>
         <name>fs_div_t2.obj</name>
      </input_file>
      <input_file id="fl-138">
         <path>C:\ti\ccsv6\tools\compiler\ti-cgt-arm_5.2.2\lib\</path>
         <kind>archive</kind>
         <file>rtsv7M4_T_le_eabi.lib</file>
         <name>fs_mul_t2.obj</name>
      </input_file>
      <input_file id="fl-139">
         <path>C:\ti\ccsv6\tools\compiler\ti-cgt-arm_5.2.2\lib\</path>
         <kind>archive</kind>
         <file>rtsv7M4_T_le_eabi.lib</file>
         <name>fs_tod_t2.obj</name>
      </input_file>
      <input_file id="fl-13a">
         <path>C:\ti\ccsv6\tools\compiler\ti-cgt-arm_5.2.2\lib\</path>
         <kind>archive</kind>
         <file>rtsv7M4_T_le_eabi.lib</file>
         <name>fs_tou_t2.obj</name>
      </input_file>
      <input_file id="fl-13b">
         <path>C:\ti\ccsv6\tools\compiler\ti-cgt-arm_5.2.2\lib\</path>
         <kind>archive</kind>
         <file>rtsv7M4_T_le_eabi.lib</file>
         <name>memcpy_t2.obj</name>
      </input_file>
      <input_file id="fl-13c">
         <path>C:\ti\ccsv6\tools\compiler\ti-cgt-arm_5.2.2\lib\</path>
         <kind>archive</kind>
         <file>rtsv7M4_T_le_eabi.lib</file>
         <name>memmov.obj</name>
      </input_file>
      <input_file id="fl-13d">
         <path>C:\ti\ccsv6\tools\compiler\ti-cgt-arm_5.2.2\lib\</path>
         <kind>archive</kind>
         <file>rtsv7M4_T_le_eabi.lib</file>
         <name>memory.obj</name>
      </input_file>
      <input_file id="fl-13e">
         <path>C:\ti\ccsv6\tools\compiler\ti-cgt-arm_5.2.2\lib\</path>
         <kind>archive</kind>
         <file>rtsv7M4_T_le_eabi.lib</file>
         <name>memset_t2.obj</name>
      </input_file>
      <input_file id="fl-13f">
         <path>C:\ti\ccsv6\tools\compiler\ti-cgt-arm_5.2.2\lib\</path>
         <kind>archive</kind>
         <file>rtsv7M4_T_le_eabi.lib</file>
         <name>pre_init.obj</name>
      </input_file>
      <input_file id="fl-140">
         <path>C:\ti\ccsv6\tools\compiler\ti-cgt-arm_5.2.2\lib\</path>
         <kind>archive</kind>
         <file>rtsv7M4_T_le_eabi.lib</file>
         <name>stkdepth_vars.obj</name>
      </input_file>
      <input_file id="fl-141">
         <path>C:\ti\ccsv6\tools\compiler\ti-cgt-arm_5.2.2\lib\</path>
         <kind>archive</kind>
         <file>rtsv7M4_T_le_eabi.lib</file>
         <name>strlen.obj</name>
      </input_file>
      <input_file id="fl-142">
         <path>C:\ti\ccsv6\tools\compiler\ti-cgt-arm_5.2.2\lib\</path>
         <kind>archive</kind>
         <file>rtsv7M4_T_le_eabi.lib</file>
         <name>u_tofs_t2.obj</name>
      </input_file>
      <input_file id="fl-143">
         <path>C:\ti\ccsv6\tools\compiler\ti-cgt-arm_5.2.2\lib\</path>
         <kind>archive</kind>
         <file>rtsv7M4_T_le_eabi.lib</file>
         <name>vsnprintf.obj</name>
      </input_file>
      <input_file id="fl-144">
         <path>C:\ti\ccsv6\tools\compiler\ti-cgt-arm_5.2.2\lib\</path>
         <kind>archive</kind>
         <file>rtsv7M4_T_le_eabi.lib</file>
         <name>_lock.obj</name>
      </input_file>
      <input_file id="fl-145">
         <path>C:\ti\ccsv6\tools\compiler\ti-cgt-arm_5.2.2\lib\</path>
         <kind>archive</kind>
         <file>rtsv7M4_T_le_eabi.lib</file>
         <name>_printfi.obj</name>
      </input_file>
      <input_file id="fl-146">
         <path>C:\ti\ccsv6\tools\compiler\ti-cgt-arm_5.2.2\lib\</path>
         <kind>archive</kind>
         <file>rtsv7M4_T_le_eabi.lib</file>
         <name>args_main.obj</name>
      </input_file>
      <input_file id="fl-147">
         <path>C:\ti\ccsv6\tools\compiler\ti-cgt-arm_5.2.2\lib\</path>
         <kind>archive</kind>
         <file>rtsv7M4_T_le_eabi.lib</file>
         <name>atoi.obj</name>
      </input_file>
      <input_file id="fl-148">
         <path>C:\ti\ccsv6\tools\compiler\ti-cgt-arm_5.2.2\lib\</path>
         <kind>archive</kind>
         <file>rtsv7M4_T_le_eabi.lib</file>
         <name>autoinit.obj</name>
      </input_file>
      <input_file id="fl-149">
         <path>C:\ti\ccsv6\tools\compiler\ti-cgt-arm_5.2.2\lib\</path>
         <kind>archive</kind>
         <file>rtsv7M4_T_le_eabi.lib</file>
         <name>cpy_tbl.obj</name>
      </input_file>
      <input_file id="fl-14a">
         <path>C:\ti\ccsv6\tools\compiler\ti-cgt-arm_5.2.2\lib\</path>
         <kind>archive</kind>
         <file>rtsv7M4_T_le_eabi.lib</file>
         <name>ctype.obj</name>
      </input_file>
      <input_file id="fl-14b">
         <path>C:\ti\ccsv6\tools\compiler\ti-cgt-arm_5.2.2\lib\</path>
         <kind>archive</kind>
         <file>rtsv7M4_T_le_eabi.lib</file>
         <name>fd_cmp_t2.obj</name>
      </input_file>
      <input_file id="fl-14c">
         <path>C:\ti\ccsv6\tools\compiler\ti-cgt-arm_5.2.2\lib\</path>
         <kind>archive</kind>
         <file>rtsv7M4_T_le_eabi.lib</file>
         <name>fd_div_t2.obj</name>
      </input_file>
      <input_file id="fl-14d">
         <path>C:\ti\ccsv6\tools\compiler\ti-cgt-arm_5.2.2\lib\</path>
         <kind>archive</kind>
         <file>rtsv7M4_T_le_eabi.lib</file>
         <name>fd_mul_t2.obj</name>
      </input_file>
      <input_file id="fl-14e">
         <path>C:\ti\ccsv6\tools\compiler\ti-cgt-arm_5.2.2\lib\</path>
         <kind>archive</kind>
         <file>rtsv7M4_T_le_eabi.lib</file>
         <name>fd_toi_t2.obj</name>
      </input_file>
      <input_file id="fl-14f">
         <path>C:\ti\ccsv6\tools\compiler\ti-cgt-arm_5.2.2\lib\</path>
         <kind>archive</kind>
         <file>rtsv7M4_T_le_eabi.lib</file>
         <name>frexp.obj</name>
      </input_file>
      <input_file id="fl-150">
         <path>C:\ti\ccsv6\tools\compiler\ti-cgt-arm_5.2.2\lib\</path>
         <kind>archive</kind>
         <file>rtsv7M4_T_le_eabi.lib</file>
         <name>fs_toi_t2.obj</name>
      </input_file>
      <input_file id="fl-151">
         <path>C:\ti\ccsv6\tools\compiler\ti-cgt-arm_5.2.2\lib\</path>
         <kind>archive</kind>
         <file>rtsv7M4_T_le_eabi.lib</file>
         <name>i_tofd_t2.obj</name>
      </input_file>
      <input_file id="fl-152">
         <path>C:\ti\ccsv6\tools\compiler\ti-cgt-arm_5.2.2\lib\</path>
         <kind>archive</kind>
         <file>rtsv7M4_T_le_eabi.lib</file>
         <name>ldexp.obj</name>
      </input_file>
      <input_file id="fl-153">
         <path>C:\ti\ccsv6\tools\compiler\ti-cgt-arm_5.2.2\lib\</path>
         <kind>archive</kind>
         <file>rtsv7M4_T_le_eabi.lib</file>
         <name>ltoa.obj</name>
      </input_file>
      <input_file id="fl-154">
         <path>C:\ti\ccsv6\tools\compiler\ti-cgt-arm_5.2.2\lib\</path>
         <kind>archive</kind>
         <file>rtsv7M4_T_le_eabi.lib</file>
         <name>memccpy.obj</name>
      </input_file>
      <input_file id="fl-155">
         <path>C:\ti\ccsv6\tools\compiler\ti-cgt-arm_5.2.2\lib\</path>
         <kind>archive</kind>
         <file>rtsv7M4_T_le_eabi.lib</file>
         <name>strchr.obj</name>
      </input_file>
      <input_file id="fl-156">
         <path>C:\ti\ccsv6\tools\compiler\ti-cgt-arm_5.2.2\lib\</path>
         <kind>archive</kind>
         <file>rtsv7M4_T_le_eabi.lib</file>
         <name>ull_div_t2.obj</name>
      </input_file>
      <input_file id="fl-157">
         <path>C:\ti\ccsv6\tools\compiler\ti-cgt-arm_5.2.2\lib\</path>
         <kind>archive</kind>
         <file>rtsv7M4_T_le_eabi.lib</file>
         <name>xdclass.obj</name>
      </input_file>
      <input_file id="fl-158">
         <path>C:\ti\ccsv6\tools\compiler\ti-cgt-arm_5.2.2\lib\</path>
         <kind>archive</kind>
         <file>rtsv7M4_T_le_eabi.lib</file>
         <name>xdscale.obj</name>
      </input_file>
      <input_file id="fl-159">
         <path>C:\ti\ccsv6\tools\compiler\ti-cgt-arm_5.2.2\lib\</path>
         <kind>archive</kind>
         <file>rtsv7M4_T_le_eabi.lib</file>
         <name>xdunscal.obj</name>
      </input_file>
      <input_file id="fl-15a">
         <path>C:\ti\ccsv6\tools\compiler\ti-cgt-arm_5.2.2\lib\</path>
         <kind>archive</kind>
         <file>rtsv7M4_T_le_eabi.lib</file>
         <name>xferaise.obj</name>
      </input_file>
      <input_file id="fl-15b">
         <path>C:\ti\ccsv6\tools\compiler\ti-cgt-arm_5.2.2\lib\</path>
         <kind>archive</kind>
         <file>rtsv7M4_T_le_eabi.lib</file>
         <name>xvalues.obj</name>
      </input_file>
      <input_file id="fl-15c">
         <path>C:\ti\ccsv6\tools\compiler\ti-cgt-arm_5.2.2\lib\</path>
         <kind>archive</kind>
         <file>rtsv7M4_T_le_eabi.lib</file>
         <name>errno.obj</name>
      </input_file>
      <input_file id="fl-15d">
         <path>C:\ti\ccsv6\tools\compiler\ti-cgt-arm_5.2.2\lib\</path>
         <kind>archive</kind>
         <file>rtsv7M4_T_le_eabi.lib</file>
         <name>feraiseexcept.obj</name>
      </input_file>
      <input_file id="fl-15e">
         <path>C:\ti\ccsv6\tools\compiler\ti-cgt-arm_5.2.2\lib\</path>
         <kind>archive</kind>
         <file>rtsv7M4_T_le_eabi.lib</file>
         <name>raise.obj</name>
      </input_file>
      <input_file id="fl-15f">
         <path>C:\ti\ccsv6\tools\compiler\ti-cgt-arm_5.2.2\lib\</path>
         <kind>archive</kind>
         <file>rtsv7M4_T_le_eabi.lib</file>
         <name>signal.obj</name>
      </input_file>
      <input_file id="fl-160">
         <path>C:\ti\ccsv6\tools\compiler\ti-cgt-arm_5.2.2\lib\</path>
         <kind>archive</kind>
         <file>rtsv7M4_T_le_eabi.lib</file>
         <name>xdnorm.obj</name>
      </input_file>
      <input_file id="fl-161">
         <path>C:\ti\CC3200SDK_1.1.0\cc3200-sdk\driverlib\ccs\Release\</path>
         <kind>archive</kind>
         <file>driverlib.a</file>
         <name>adc.obj</name>
      </input_file>
      <input_file id="fl-162">
         <path>C:\ti\CC3200SDK_1.1.0\cc3200-sdk\driverlib\ccs\Release\</path>
         <kind>archive</kind>
         <file>driverlib.a</file>
         <name>gpio.obj</name>
      </input_file>
      <input_file id="fl-163">
         <path>C:\ti\CC3200SDK_1.1.0\cc3200-sdk\driverlib\ccs\Release\</path>
         <kind>archive</kind>
         <file>driverlib.a</file>
         <name>interrupt.obj</name>
      </input_file>
      <input_file id="fl-164">
         <path>C:\ti\CC3200SDK_1.1.0\cc3200-sdk\driverlib\ccs\Release\</path>
         <kind>archive</kind>
         <file>driverlib.a</file>
         <name>pin.obj</name>
      </input_file>
      <input_file id="fl-165">
         <path>C:\ti\CC3200SDK_1.1.0\cc3200-sdk\driverlib\ccs\Release\</path>
         <kind>archive</kind>
         <file>driverlib.a</file>
         <name>prcm.obj</name>
      </input_file>
      <input_file id="fl-166">
         <path>C:\ti\CC3200SDK_1.1.0\cc3200-sdk\driverlib\ccs\Release\</path>
         <kind>archive</kind>
         <file>driverlib.a</file>
         <name>timer.obj</name>
      </input_file>
      <input_file id="fl-167">
         <path>C:\ti\CC3200SDK_1.1.0\cc3200-sdk\driverlib\ccs\Release\</path>
         <kind>archive</kind>
         <file>driverlib.a</file>
         <name>uart.obj</name>
      </input_file>
      <input_file id="fl-168">
         <path>C:\ti\CC3200SDK_1.1.0\cc3200-sdk\driverlib\ccs\Release\</path>
         <kind>archive</kind>
         <file>driverlib.a</file>
         <name>utils.obj</name>
      </input_file>
      <input_file id="fl-169">
         <path>C:\ti\CC3200SDK_1.1.0\cc3200-sdk\driverlib\ccs\Release\</path>
         <kind>archive</kind>
         <file>driverlib.a</file>
         <name>cpu.obj</name>
      </input_file>
      <input_file id="fl-16a">
         <path>C:\ti\CC3200SDK_1.1.0\cc3200-sdk\driverlib\ccs\Release\</path>
         <kind>archive</kind>
         <file>driverlib.a</file>
         <name>flash.obj</name>
      </input_file>
      <input_file id="fl-16b">
         <path>C:\ti\ccsv6\tools\compiler\ti-cgt-arm_5.2.2\lib\</path>
         <kind>archive</kind>
         <file>rtsv7M4_T_le_eabi.lib</file>
         <name>ll_lsr_t2.obj</name>
      </input_file>
   </input_file_list>
   <object_component_list>
      <object_component id="oc-f">
         <name>.intvecs</name>
         <load_address>0x20004000</load_address>
         <run_address>0x20004000</run_address>
         <size>0x400</size>
         <input_file_ref idref="fl-5"/>
      </object_component>
      <object_component id="oc-288">
         <name>.text</name>
         <load_address>0x20004400</load_address>
         <run_address>0x20004400</run_address>
         <size>0x10a6</size>
         <input_file_ref idref="fl-145"/>
      </object_component>
      <object_component id="oc-241">
         <name>.text</name>
         <load_address>0x200054a8</load_address>
         <run_address>0x200054a8</run_address>
         <size>0x3dc</size>
         <input_file_ref idref="fl-13d"/>
      </object_component>
      <object_component id="oc-150">
         <name>.text</name>
         <load_address>0x20005884</load_address>
         <run_address>0x20005884</run_address>
         <size>0x304</size>
         <input_file_ref idref="fl-4"/>
      </object_component>
      <object_component id="oc-9f">
         <name>.text</name>
         <load_address>0x20005b88</load_address>
         <run_address>0x20005b88</run_address>
         <size>0x2a8</size>
         <input_file_ref idref="fl-3"/>
      </object_component>
      <object_component id="oc-156">
         <name>.text</name>
         <load_address>0x20005e30</load_address>
         <run_address>0x20005e30</run_address>
         <size>0x280</size>
         <input_file_ref idref="fl-6"/>
      </object_component>
      <object_component id="oc-2b8">
         <name>.text</name>
         <load_address>0x200060b0</load_address>
         <run_address>0x200060b0</run_address>
         <size>0x1f4</size>
         <input_file_ref idref="fl-156"/>
      </object_component>
      <object_component id="oc-168">
         <name>.text</name>
         <load_address>0x200062a4</load_address>
         <run_address>0x200062a4</run_address>
         <size>0x1b6</size>
         <input_file_ref idref="fl-134"/>
      </object_component>
      <object_component id="oc-2c7">
         <name>.text</name>
         <load_address>0x2000645a</load_address>
         <run_address>0x2000645a</run_address>
         <size>0x136</size>
         <input_file_ref idref="fl-14c"/>
      </object_component>
      <object_component id="oc-144">
         <name>.text:PRCMCC3200MCUInit</name>
         <load_address>0x20006590</load_address>
         <run_address>0x20006590</run_address>
         <size>0x134</size>
         <input_file_ref idref="fl-165"/>
      </object_component>
      <object_component id="oc-32e">
         <name>.text</name>
         <load_address>0x200066c4</load_address>
         <run_address>0x200066c4</run_address>
         <size>0x110</size>
         <input_file_ref idref="fl-158"/>
      </object_component>
      <object_component id="oc-2c2">
         <name>.text</name>
         <load_address>0x200067d4</load_address>
         <run_address>0x200067d4</run_address>
         <size>0xfc</size>
         <input_file_ref idref="fl-14d"/>
      </object_component>
      <object_component id="oc-350">
         <name>.text</name>
         <load_address>0x200068d0</load_address>
         <run_address>0x200068d0</run_address>
         <size>0xbe</size>
         <input_file_ref idref="fl-160"/>
      </object_component>
      <object_component id="oc-13e">
         <name>.text:IntEnable</name>
         <load_address>0x20006990</load_address>
         <run_address>0x20006990</run_address>
         <size>0xa8</size>
         <input_file_ref idref="fl-163"/>
      </object_component>
      <object_component id="oc-36">
         <name>.text</name>
         <load_address>0x20006a38</load_address>
         <run_address>0x20006a38</run_address>
         <size>0x9c</size>
         <input_file_ref idref="fl-13b"/>
      </object_component>
      <object_component id="oc-211">
         <name>.text:PRCMPeripheralClockGet</name>
         <load_address>0x20006ad4</load_address>
         <run_address>0x20006ad4</run_address>
         <size>0x94</size>
         <input_file_ref idref="fl-165"/>
      </object_component>
      <object_component id="oc-128">
         <name>.text</name>
         <load_address>0x20006b68</load_address>
         <run_address>0x20006b68</run_address>
         <size>0x92</size>
         <input_file_ref idref="fl-137"/>
      </object_component>
      <object_component id="oc-193">
         <name>.text:PinConfigSet</name>
         <load_address>0x20006bfc</load_address>
         <run_address>0x20006bfc</run_address>
         <size>0x88</size>
         <input_file_ref idref="fl-164"/>
      </object_component>
      <object_component id="oc-223">
         <name>.text</name>
         <load_address>0x20006c84</load_address>
         <run_address>0x20006c84</run_address>
         <size>0x88</size>
         <input_file_ref idref="fl-143"/>
      </object_component>
      <object_component id="oc-2bd">
         <name>.text:__aeabi_cdcmple</name>
         <load_address>0x20006d0c</load_address>
         <run_address>0x20006d0c</run_address>
         <size>0x86</size>
         <input_file_ref idref="fl-14b"/>
      </object_component>
      <object_component id="oc-2cc">
         <name>.text:__aeabi_cdrcmple</name>
         <load_address>0x20006d92</load_address>
         <run_address>0x20006d92</run_address>
         <size>0x86</size>
         <input_file_ref idref="fl-14b"/>
      </object_component>
      <object_component id="oc-123">
         <name>.text</name>
         <load_address>0x20006e18</load_address>
         <run_address>0x20006e18</run_address>
         <size>0x7a</size>
         <input_file_ref idref="fl-138"/>
      </object_component>
      <object_component id="oc-4f">
         <name>.text</name>
         <load_address>0x20006e92</load_address>
         <run_address>0x20006e92</run_address>
         <size>0x7a</size>
         <input_file_ref idref="fl-13e"/>
      </object_component>
      <object_component id="oc-217">
         <name>.text:UARTConfigSetExpClk</name>
         <load_address>0x20006f0c</load_address>
         <run_address>0x20006f0c</run_address>
         <size>0x76</size>
         <input_file_ref idref="fl-167"/>
      </object_component>
      <object_component id="oc-61">
         <name>.text</name>
         <load_address>0x20006f84</load_address>
         <run_address>0x20006f84</run_address>
         <size>0x6c</size>
         <input_file_ref idref="fl-148"/>
      </object_component>
      <object_component id="oc-42">
         <name>.text</name>
         <load_address>0x20006ff0</load_address>
         <run_address>0x20006ff0</run_address>
         <size>0x6a</size>
         <input_file_ref idref="fl-131"/>
      </object_component>
      <object_component id="oc-326">
         <name>.text</name>
         <load_address>0x2000705a</load_address>
         <run_address>0x2000705a</run_address>
         <size>0x66</size>
         <input_file_ref idref="fl-159"/>
      </object_component>
      <object_component id="oc-113">
         <name>.text:__aeabi_cfcmple</name>
         <load_address>0x200070c0</load_address>
         <run_address>0x200070c0</run_address>
         <size>0x60</size>
         <input_file_ref idref="fl-136"/>
      </object_component>
      <object_component id="oc-10e">
         <name>.text:__aeabi_cfrcmple</name>
         <load_address>0x20007120</load_address>
         <run_address>0x20007120</run_address>
         <size>0x60</size>
         <input_file_ref idref="fl-136"/>
      </object_component>
      <object_component id="oc-1d2">
         <name>.text:PRCMPeripheralReset</name>
         <load_address>0x20007180</load_address>
         <run_address>0x20007180</run_address>
         <size>0x58</size>
         <input_file_ref idref="fl-165"/>
      </object_component>
      <object_component id="oc-2d6">
         <name>.text</name>
         <load_address>0x200071d8</load_address>
         <run_address>0x200071d8</run_address>
         <size>0x56</size>
         <input_file_ref idref="fl-153"/>
      </object_component>
      <object_component id="oc-2ff">
         <name>.text</name>
         <load_address>0x20007230</load_address>
         <run_address>0x20007230</run_address>
         <size>0x4c</size>
         <input_file_ref idref="fl-147"/>
      </object_component>
      <object_component id="oc-97">
         <name>.text</name>
         <load_address>0x2000727c</load_address>
         <run_address>0x2000727c</run_address>
         <size>0x4c</size>
         <input_file_ref idref="fl-149"/>
      </object_component>
      <object_component id="oc-16d">
         <name>.text</name>
         <load_address>0x200072c8</load_address>
         <run_address>0x200072c8</run_address>
         <size>0x4a</size>
         <input_file_ref idref="fl-135"/>
      </object_component>
      <object_component id="oc-2d1">
         <name>.text</name>
         <load_address>0x20007312</load_address>
         <run_address>0x20007312</run_address>
         <size>0x48</size>
         <input_file_ref idref="fl-14e"/>
      </object_component>
      <object_component id="oc-2e7">
         <name>.text</name>
         <load_address>0x2000735a</load_address>
         <run_address>0x2000735a</run_address>
         <size>0x46</size>
         <input_file_ref idref="fl-152"/>
      </object_component>
      <object_component id="oc-ea">
         <name>.text:TimerConfigure</name>
         <load_address>0x200073a0</load_address>
         <run_address>0x200073a0</run_address>
         <size>0x44</size>
         <input_file_ref idref="fl-166"/>
      </object_component>
      <object_component id="oc-6d">
         <name>.text</name>
         <load_address>0x200073e4</load_address>
         <run_address>0x200073e4</run_address>
         <size>0x44</size>
         <input_file_ref idref="fl-133"/>
      </object_component>
      <object_component id="oc-199">
         <name>.text:PinModeSet</name>
         <load_address>0x20007428</load_address>
         <run_address>0x20007428</run_address>
         <size>0x40</size>
         <input_file_ref idref="fl-164"/>
      </object_component>
      <object_component id="oc-393">
         <name>.text</name>
         <load_address>0x20007468</load_address>
         <run_address>0x20007468</run_address>
         <size>0x40</size>
         <input_file_ref idref="fl-15f"/>
      </object_component>
      <object_component id="oc-cc">
         <name>.text:PRCMPeripheralClkEnable</name>
         <load_address>0x200074a8</load_address>
         <run_address>0x200074a8</run_address>
         <size>0x3c</size>
         <input_file_ref idref="fl-165"/>
      </object_component>
      <object_component id="oc-24">
         <name>.text</name>
         <load_address>0x200074e4</load_address>
         <run_address>0x200074e4</run_address>
         <size>0x3c</size>
         <input_file_ref idref="fl-12f"/>
      </object_component>
      <object_component id="oc-204">
         <name>.text:ADCChannelEnable</name>
         <load_address>0x20007520</load_address>
         <run_address>0x20007520</run_address>
         <size>0x38</size>
         <input_file_ref idref="fl-161"/>
      </object_component>
      <object_component id="oc-163">
         <name>.text</name>
         <load_address>0x20007558</load_address>
         <run_address>0x20007558</run_address>
         <size>0x38</size>
         <input_file_ref idref="fl-139"/>
      </object_component>
      <object_component id="oc-1b4">
         <name>.text</name>
         <load_address>0x20007590</load_address>
         <run_address>0x20007590</run_address>
         <size>0x38</size>
         <input_file_ref idref="fl-150"/>
      </object_component>
      <object_component id="oc-d8">
         <name>.text:GPIODirModeSet</name>
         <load_address>0x200075c8</load_address>
         <run_address>0x200075c8</run_address>
         <size>0x36</size>
         <input_file_ref idref="fl-162"/>
      </object_component>
      <object_component id="oc-f0">
         <name>.text:TimerControlLevel</name>
         <load_address>0x200075fe</load_address>
         <run_address>0x200075fe</run_address>
         <size>0x36</size>
         <input_file_ref idref="fl-166"/>
      </object_component>
      <object_component id="oc-35f">
         <name>.text</name>
         <load_address>0x20007634</load_address>
         <run_address>0x20007634</run_address>
         <size>0x34</size>
         <input_file_ref idref="fl-15d"/>
      </object_component>
      <object_component id="oc-12d">
         <name>.text</name>
         <load_address>0x20007668</load_address>
         <run_address>0x20007668</run_address>
         <size>0x34</size>
         <input_file_ref idref="fl-13a"/>
      </object_component>
      <object_component id="oc-d2">
         <name>.text:PinTypeGPIO</name>
         <load_address>0x2000769c</load_address>
         <run_address>0x2000769c</run_address>
         <size>0x30</size>
         <input_file_ref idref="fl-164"/>
      </object_component>
      <object_component id="oc-27a">
         <name>.text:UARTDisable</name>
         <load_address>0x200076cc</load_address>
         <run_address>0x200076cc</run_address>
         <size>0x30</size>
         <input_file_ref idref="fl-167"/>
      </object_component>
      <object_component id="oc-334">
         <name>.text</name>
         <load_address>0x200076fc</load_address>
         <run_address>0x200076fc</run_address>
         <size>0x30</size>
         <input_file_ref idref="fl-15a"/>
      </object_component>
      <object_component id="oc-2dc">
         <name>.text</name>
         <load_address>0x2000772c</load_address>
         <run_address>0x2000772c</run_address>
         <size>0x2e</size>
         <input_file_ref idref="fl-151"/>
      </object_component>
      <object_component id="oc-383">
         <name>.text</name>
         <load_address>0x2000775a</load_address>
         <run_address>0x2000775a</run_address>
         <size>0x2e</size>
         <input_file_ref idref="fl-15e"/>
      </object_component>
      <object_component id="oc-1de">
         <name>.text:PRCMSysResetCauseGet</name>
         <load_address>0x20007788</load_address>
         <run_address>0x20007788</run_address>
         <size>0x2c</size>
         <input_file_ref idref="fl-165"/>
      </object_component>
      <object_component id="oc-fc">
         <name>.text:TimerLoadSet</name>
         <load_address>0x200077b4</load_address>
         <run_address>0x200077b4</run_address>
         <size>0x2a</size>
         <input_file_ref idref="fl-166"/>
      </object_component>
      <object_component id="oc-102">
         <name>.text:TimerMatchSet</name>
         <load_address>0x200077de</load_address>
         <run_address>0x200077de</run_address>
         <size>0x2a</size>
         <input_file_ref idref="fl-166"/>
      </object_component>
      <object_component id="oc-f6">
         <name>.text:TimerPrescaleSet</name>
         <load_address>0x20007808</load_address>
         <run_address>0x20007808</run_address>
         <size>0x2a</size>
         <input_file_ref idref="fl-166"/>
      </object_component>
      <object_component id="oc-2f3">
         <name>.text</name>
         <load_address>0x20007832</load_address>
         <run_address>0x20007832</run_address>
         <size>0x2a</size>
         <input_file_ref idref="fl-157"/>
      </object_component>
      <object_component id="oc-1d8">
         <name>.text:PRCMPeripheralClkDisable</name>
         <load_address>0x2000785c</load_address>
         <run_address>0x2000785c</run_address>
         <size>0x28</size>
         <input_file_ref idref="fl-165"/>
      </object_component>
      <object_component id="oc-280">
         <name>.text:UARTEnable</name>
         <load_address>0x20007884</load_address>
         <run_address>0x20007884</run_address>
         <size>0x24</size>
         <input_file_ref idref="fl-167"/>
      </object_component>
      <object_component id="oc-23b">
         <name>.text</name>
         <load_address>0x200078a8</load_address>
         <run_address>0x200078a8</run_address>
         <size>0x24</size>
         <input_file_ref idref="fl-13c"/>
      </object_component>
      <object_component id="oc-11e">
         <name>.text</name>
         <load_address>0x200078cc</load_address>
         <run_address>0x200078cc</run_address>
         <size>0x24</size>
         <input_file_ref idref="fl-142"/>
      </object_component>
      <object_component id="oc-1f2">
         <name>.text:ADCTimerConfig</name>
         <load_address>0x200078f0</load_address>
         <run_address>0x200078f0</run_address>
         <size>0x22</size>
         <input_file_ref idref="fl-161"/>
      </object_component>
      <object_component id="oc-2e1">
         <name>.text</name>
         <load_address>0x20007912</load_address>
         <run_address>0x20007912</run_address>
         <size>0x22</size>
         <input_file_ref idref="fl-14f"/>
      </object_component>
      <object_component id="oc-15c">
         <name>.text:GPIOPinWrite</name>
         <load_address>0x20007934</load_address>
         <run_address>0x20007934</run_address>
         <size>0x20</size>
         <input_file_ref idref="fl-162"/>
      </object_component>
      <object_component id="oc-e4">
         <name>.text:TimerDisable</name>
         <load_address>0x20007954</load_address>
         <run_address>0x20007954</run_address>
         <size>0x1e</size>
         <input_file_ref idref="fl-166"/>
      </object_component>
      <object_component id="oc-108">
         <name>.text:TimerEnable</name>
         <load_address>0x20007972</load_address>
         <run_address>0x20007972</run_address>
         <size>0x1e</size>
         <input_file_ref idref="fl-166"/>
      </object_component>
      <object_component id="oc-21d">
         <name>.text:UARTCharPut</name>
         <load_address>0x20007990</load_address>
         <run_address>0x20007990</run_address>
         <size>0x1e</size>
         <input_file_ref idref="fl-167"/>
      </object_component>
      <object_component id="oc-118">
         <name>.text:TimerLoadGet</name>
         <load_address>0x200079ae</load_address>
         <run_address>0x200079ae</run_address>
         <size>0x1c</size>
         <input_file_ref idref="fl-166"/>
      </object_component>
      <object_component id="oc-22f">
         <name>.text:UARTCharGetNonBlocking</name>
         <load_address>0x200079ca</load_address>
         <run_address>0x200079ca</run_address>
         <size>0x1c</size>
         <input_file_ref idref="fl-167"/>
      </object_component>
      <object_component id="oc-2f9">
         <name>.text</name>
         <load_address>0x200079e6</load_address>
         <run_address>0x200079e6</run_address>
         <size>0x1c</size>
         <input_file_ref idref="fl-154"/>
      </object_component>
      <object_component id="oc-de">
         <name>.text:PinTypeTimer</name>
         <load_address>0x20007a02</load_address>
         <run_address>0x20007a02</run_address>
         <size>0x1a</size>
         <input_file_ref idref="fl-164"/>
      </object_component>
      <object_component id="oc-14a">
         <name>.text:PinTypeUART</name>
         <load_address>0x20007a1c</load_address>
         <run_address>0x20007a1c</run_address>
         <size>0x1a</size>
         <input_file_ref idref="fl-164"/>
      </object_component>
      <object_component id="oc-1e6">
         <name>.text:GPIOPinRead</name>
         <load_address>0x20007a36</load_address>
         <run_address>0x20007a36</run_address>
         <size>0x18</size>
         <input_file_ref idref="fl-162"/>
      </object_component>
      <object_component id="oc-229">
         <name>.text:UARTCharsAvail</name>
         <load_address>0x20007a4e</load_address>
         <run_address>0x20007a4e</run_address>
         <size>0x18</size>
         <input_file_ref idref="fl-167"/>
      </object_component>
      <object_component id="oc-67">
         <name>.text</name>
         <load_address>0x20007a68</load_address>
         <run_address>0x20007a68</run_address>
         <size>0x18</size>
         <input_file_ref idref="fl-146"/>
      </object_component>
      <object_component id="oc-1f8">
         <name>.text:ADCTimerEnable</name>
         <load_address>0x20007a80</load_address>
         <run_address>0x20007a80</run_address>
         <size>0x16</size>
         <input_file_ref idref="fl-161"/>
      </object_component>
      <object_component id="oc-1c6">
         <name>.text:PRCMHIBRegRead</name>
         <load_address>0x20007a96</load_address>
         <run_address>0x20007a96</run_address>
         <size>0x16</size>
         <input_file_ref idref="fl-165"/>
      </object_component>
      <object_component id="oc-1cc">
         <name>.text:PRCMHIBRegWrite</name>
         <load_address>0x20007aac</load_address>
         <run_address>0x20007aac</run_address>
         <size>0x16</size>
         <input_file_ref idref="fl-165"/>
      </object_component>
      <object_component id="oc-2ed">
         <name>.text</name>
         <load_address>0x20007ac2</load_address>
         <run_address>0x20007ac2</run_address>
         <size>0x16</size>
         <input_file_ref idref="fl-155"/>
      </object_component>
      <object_component id="oc-1fe">
         <name>.text:ADCEnable</name>
         <load_address>0x20007ad8</load_address>
         <run_address>0x20007ad8</run_address>
         <size>0x14</size>
         <input_file_ref idref="fl-161"/>
      </object_component>
      <object_component id="oc-1bb">
         <name>.text:CPUcpsie</name>
         <load_address>0x20007aec</load_address>
         <run_address>0x20007aec</run_address>
         <size>0x14</size>
         <input_file_ref idref="fl-169"/>
      </object_component>
      <object_component id="oc-132">
         <name>.text:IntVTableBaseSet</name>
         <load_address>0x20007b00</load_address>
         <run_address>0x20007b00</run_address>
         <size>0x14</size>
         <input_file_ref idref="fl-163"/>
      </object_component>
      <object_component id="oc-1ec">
         <name>.text:PinTypeADC</name>
         <load_address>0x20007b14</load_address>
         <run_address>0x20007b14</run_address>
         <size>0x14</size>
         <input_file_ref idref="fl-164"/>
      </object_component>
      <object_component id="oc-17a">
         <name>.text</name>
         <load_address>0x20007b28</load_address>
         <run_address>0x20007b28</run_address>
         <size>0x14</size>
         <input_file_ref idref="fl-144"/>
      </object_component>
      <object_component id="oc-235">
         <name>.text</name>
         <load_address>0x20007b3c</load_address>
         <run_address>0x20007b3c</run_address>
         <size>0x14</size>
         <input_file_ref idref="fl-141"/>
      </object_component>
      <object_component id="oc-12">
         <name>.text:decompress:none</name>
         <load_address>0x20007b50</load_address>
         <run_address>0x20007b50</run_address>
         <size>0xe</size>
         <input_file_ref idref="fl-130"/>
      </object_component>
      <object_component id="oc-2d">
         <name>.text</name>
         <load_address>0x20007b5e</load_address>
         <run_address>0x20007b5e</run_address>
         <size>0xe</size>
         <input_file_ref idref="fl-5"/>
      </object_component>
      <object_component id="oc-1e">
         <name>.text:decompress:ZI</name>
         <load_address>0x20007b6c</load_address>
         <run_address>0x20007b6c</run_address>
         <size>0xc</size>
         <input_file_ref idref="fl-132"/>
      </object_component>
      <object_component id="oc-138">
         <name>.text:IntMasterEnable</name>
         <load_address>0x20007b78</load_address>
         <run_address>0x20007b78</run_address>
         <size>0xa</size>
         <input_file_ref idref="fl-163"/>
      </object_component>
      <object_component id="oc-162">
         <name>.text:UtilsDelay</name>
         <load_address>0x20007b82</load_address>
         <run_address>0x20007b82</run_address>
         <size>0x6</size>
         <input_file_ref idref="fl-168"/>
      </object_component>
      <object_component id="oc-18">
         <name>.text:decompress:rle24</name>
         <load_address>0x20007b88</load_address>
         <run_address>0x20007b88</run_address>
         <size>0x6</size>
         <input_file_ref idref="fl-131"/>
      </object_component>
      <object_component id="oc-5b">
         <name>.text</name>
         <load_address>0x20007b8e</load_address>
         <run_address>0x20007b8e</run_address>
         <size>0x4</size>
         <input_file_ref idref="fl-13f"/>
      </object_component>
      <object_component id="oc-342">
         <name>.const:.string:_ctypes_</name>
         <load_address>0x20007b94</load_address>
         <run_address>0x20007b94</run_address>
         <size>0x101</size>
         <input_file_ref idref="fl-14a"/>
      </object_component>
      <object_component id="oc-25f">
         <name>.const:g_ulPinToPadMap</name>
         <load_address>0x20007c98</load_address>
         <run_address>0x20007c98</run_address>
         <size>0x100</size>
         <input_file_ref idref="fl-164"/>
      </object_component>
      <object_component id="oc-18f">
         <name>.const:PRCM_PeriphRegsList</name>
         <load_address>0x20007d98</load_address>
         <run_address>0x20007d98</run_address>
         <size>0xa8</size>
         <input_file_ref idref="fl-165"/>
      </object_component>
      <object_component id="oc-1c2">
         <name>.const</name>
         <load_address>0x20007e40</load_address>
         <run_address>0x20007e40</run_address>
         <size>0x80</size>
         <input_file_ref idref="fl-163"/>
      </object_component>
      <object_component id="oc-20a">
         <name>.const:.string:g_ucPinMap</name>
         <load_address>0x20007ec0</load_address>
         <run_address>0x20007ec0</run_address>
         <size>0x40</size>
         <input_file_ref idref="fl-4"/>
      </object_component>
      <object_component id="oc-20d">
         <name>.const</name>
         <load_address>0x20007f00</load_address>
         <run_address>0x20007f00</run_address>
         <size>0x14</size>
         <input_file_ref idref="fl-4"/>
      </object_component>
      <object_component id="oc-3d9">
         <name>.cinit..data.load</name>
         <load_address>0x20007f18</load_address>
         <run_address>0x20007f18</run_address>
         <size>0x4e</size>
      </object_component>
      <object_component id="oc-3d7">
         <name>__TI_handler_table</name>
         <load_address>0x20007f68</load_address>
         <run_address>0x20007f68</run_address>
         <size>0xc</size>
      </object_component>
      <object_component id="oc-3da">
         <name>.cinit..bss.load</name>
         <load_address>0x20007f78</load_address>
         <run_address>0x20007f78</run_address>
         <size>0x8</size>
      </object_component>
      <object_component id="oc-3d8">
         <name>__TI_cinit_table</name>
         <load_address>0x20007f80</load_address>
         <run_address>0x20007f80</run_address>
         <size>0x10</size>
      </object_component>
      <object_component id="oc-2a">
         <name>.sysmem</name>
         <uninitialized>true</uninitialized>
         <run_address>0x20017000</run_address>
         <size>0x8</size>
         <input_file_ref idref="fl-13d"/>
      </object_component>
      <object_component id="oc-3dc">
         <name>.sysmem</name>
         <uninitialized>true</uninitialized>
         <run_address>0x20017000</run_address>
         <size>0x0</size>
      </object_component>
      <object_component id="oc-29">
         <name>.stack</name>
         <uninitialized>true</uninitialized>
         <run_address>0x2002f800</run_address>
         <size>0x0</size>
         <input_file_ref idref="fl-12f"/>
      </object_component>
      <object_component id="oc-3db">
         <name>.stack</name>
         <uninitialized>true</uninitialized>
         <run_address>0x2002f800</run_address>
         <size>0x0</size>
      </object_component>
      <object_component id="oc-247">
         <name>.common:__Errorlog</name>
         <uninitialized>true</uninitialized>
         <run_address>0x2001795c</run_address>
         <size>0x4</size>
      </object_component>
      <object_component id="oc-aa">
         <name>.data</name>
         <load_address>0x20017944</load_address>
         <run_address>0x20017944</run_address>
         <size>0x8</size>
         <input_file_ref idref="fl-133"/>
      </object_component>
      <object_component id="oc-2a0">
         <name>.data</name>
         <load_address>0x20017930</load_address>
         <run_address>0x20017930</run_address>
         <size>0xc</size>
         <input_file_ref idref="fl-13d"/>
      </object_component>
      <object_component id="oc-73">
         <name>.data</name>
         <load_address>0x20017958</load_address>
         <run_address>0x20017958</run_address>
         <size>0x4</size>
         <input_file_ref idref="fl-140"/>
      </object_component>
      <object_component id="oc-a7">
         <name>.data</name>
         <load_address>0x2001793c</load_address>
         <run_address>0x2001793c</run_address>
         <size>0x8</size>
         <input_file_ref idref="fl-144"/>
      </object_component>
      <object_component id="oc-35a">
         <name>.data</name>
         <load_address>0x200178b0</load_address>
         <run_address>0x200178b0</run_address>
         <size>0x80</size>
         <input_file_ref idref="fl-15b"/>
      </object_component>
      <object_component id="oc-365">
         <name>.data</name>
         <load_address>0x20017954</load_address>
         <run_address>0x20017954</run_address>
         <size>0x4</size>
         <input_file_ref idref="fl-15c"/>
      </object_component>
      <object_component id="oc-389">
         <name>.data</name>
         <load_address>0x2001794c</load_address>
         <run_address>0x2001794c</run_address>
         <size>0x8</size>
         <input_file_ref idref="fl-15d"/>
      </object_component>
      <object_component id="oc-3a4">
         <name>.data:sigtable</name>
         <load_address>0x20017800</load_address>
         <run_address>0x20017800</run_address>
         <size>0xb0</size>
         <input_file_ref idref="fl-15f"/>
      </object_component>
      <object_component id="oc-2a6">
         <name>.debug_info</name>
         <load_address>0x0</load_address>
         <run_address>0x0</run_address>
         <size>0x2e3</size>
         <input_file_ref idref="fl-2"/>
      </object_component>
      <object_component id="oc-2aa">
         <name>.debug_info</name>
         <load_address>0x2e3</load_address>
         <run_address>0x2e3</run_address>
         <size>0x62</size>
         <input_file_ref idref="fl-2"/>
      </object_component>
      <object_component id="oc-7e">
         <name>.debug_info</name>
         <load_address>0x345</load_address>
         <run_address>0x345</run_address>
         <size>0x84</size>
         <input_file_ref idref="fl-2"/>
      </object_component>
      <object_component id="oc-1a0">
         <name>.debug_info</name>
         <load_address>0x3c9</load_address>
         <run_address>0x3c9</run_address>
         <size>0x2c</size>
         <input_file_ref idref="fl-2"/>
      </object_component>
      <object_component id="oc-24b">
         <name>.debug_info</name>
         <load_address>0x3f5</load_address>
         <run_address>0x3f5</run_address>
         <size>0x4e</size>
         <input_file_ref idref="fl-2"/>
      </object_component>
      <object_component id="oc-a0">
         <name>.debug_info</name>
         <load_address>0x443</load_address>
         <run_address>0x443</run_address>
         <size>0x6d6</size>
         <input_file_ref idref="fl-3"/>
      </object_component>
      <object_component id="oc-276">
         <name>.debug_info</name>
         <load_address>0xb19</load_address>
         <run_address>0xb19</run_address>
         <size>0x449</size>
         <input_file_ref idref="fl-4"/>
      </object_component>
      <object_component id="oc-20b">
         <name>.debug_info</name>
         <load_address>0xf62</load_address>
         <run_address>0xf62</run_address>
         <size>0xd3</size>
         <input_file_ref idref="fl-4"/>
      </object_component>
      <object_component id="oc-20e">
         <name>.debug_info</name>
         <load_address>0x1035</load_address>
         <run_address>0x1035</run_address>
         <size>0xd5</size>
         <input_file_ref idref="fl-4"/>
      </object_component>
      <object_component id="oc-151">
         <name>.debug_info</name>
         <load_address>0x110a</load_address>
         <run_address>0x110a</run_address>
         <size>0x819</size>
         <input_file_ref idref="fl-4"/>
      </object_component>
      <object_component id="oc-35">
         <name>.debug_info</name>
         <load_address>0x1923</load_address>
         <run_address>0x1923</run_address>
         <size>0x123</size>
         <input_file_ref idref="fl-5"/>
      </object_component>
      <object_component id="oc-10">
         <name>.debug_info</name>
         <load_address>0x1a46</load_address>
         <run_address>0x1a46</run_address>
         <size>0x108</size>
         <input_file_ref idref="fl-5"/>
      </object_component>
      <object_component id="oc-2e">
         <name>.debug_info</name>
         <load_address>0x1b4e</load_address>
         <run_address>0x1b4e</run_address>
         <size>0x429</size>
         <input_file_ref idref="fl-5"/>
      </object_component>
      <object_component id="oc-248">
         <name>.debug_info</name>
         <load_address>0x1f77</load_address>
         <run_address>0x1f77</run_address>
         <size>0x3a3</size>
         <input_file_ref idref="fl-6"/>
      </object_component>
      <object_component id="oc-157">
         <name>.debug_info</name>
         <load_address>0x231a</load_address>
         <run_address>0x231a</run_address>
         <size>0x8dc</size>
         <input_file_ref idref="fl-6"/>
      </object_component>
      <object_component id="oc-250">
         <name>.debug_info</name>
         <load_address>0x2bf6</load_address>
         <run_address>0x2bf6</run_address>
         <size>0x110</size>
         <input_file_ref idref="fl-6"/>
      </object_component>
      <object_component id="oc-26">
         <name>.debug_info</name>
         <load_address>0x2d06</load_address>
         <run_address>0x2d06</run_address>
         <size>0x11e</size>
         <input_file_ref idref="fl-12f"/>
      </object_component>
      <object_component id="oc-41">
         <name>.debug_info</name>
         <load_address>0x2e24</load_address>
         <run_address>0x2e24</run_address>
         <size>0x109</size>
         <input_file_ref idref="fl-130"/>
      </object_component>
      <object_component id="oc-15">
         <name>.debug_info</name>
         <load_address>0x2f2d</load_address>
         <run_address>0x2f2d</run_address>
         <size>0x1a8</size>
         <input_file_ref idref="fl-130"/>
      </object_component>
      <object_component id="oc-3c">
         <name>.debug_info</name>
         <load_address>0x30d5</load_address>
         <run_address>0x30d5</run_address>
         <size>0x46</size>
         <input_file_ref idref="fl-130"/>
      </object_component>
      <object_component id="oc-84">
         <name>.debug_info</name>
         <load_address>0x311b</load_address>
         <run_address>0x311b</run_address>
         <size>0x2c</size>
         <input_file_ref idref="fl-130"/>
      </object_component>
      <object_component id="oc-49">
         <name>.debug_info</name>
         <load_address>0x3147</load_address>
         <run_address>0x3147</run_address>
         <size>0xfd</size>
         <input_file_ref idref="fl-131"/>
      </object_component>
      <object_component id="oc-46">
         <name>.debug_info</name>
         <load_address>0x3244</load_address>
         <run_address>0x3244</run_address>
         <size>0x210</size>
         <input_file_ref idref="fl-131"/>
      </object_component>
      <object_component id="oc-1c">
         <name>.debug_info</name>
         <load_address>0x3454</load_address>
         <run_address>0x3454</run_address>
         <size>0x1a2</size>
         <input_file_ref idref="fl-131"/>
      </object_component>
      <object_component id="oc-4a">
         <name>.debug_info</name>
         <load_address>0x35f6</load_address>
         <run_address>0x35f6</run_address>
         <size>0x39</size>
         <input_file_ref idref="fl-131"/>
      </object_component>
      <object_component id="oc-8e">
         <name>.debug_info</name>
         <load_address>0x362f</load_address>
         <run_address>0x362f</run_address>
         <size>0x2c</size>
         <input_file_ref idref="fl-131"/>
      </object_component>
      <object_component id="oc-5a">
         <name>.debug_info</name>
         <load_address>0x365b</load_address>
         <run_address>0x365b</run_address>
         <size>0xf8</size>
         <input_file_ref idref="fl-132"/>
      </object_component>
      <object_component id="oc-20">
         <name>.debug_info</name>
         <load_address>0x3753</load_address>
         <run_address>0x3753</run_address>
         <size>0x173</size>
         <input_file_ref idref="fl-132"/>
      </object_component>
      <object_component id="oc-55">
         <name>.debug_info</name>
         <load_address>0x38c6</load_address>
         <run_address>0x38c6</run_address>
         <size>0x46</size>
         <input_file_ref idref="fl-132"/>
      </object_component>
      <object_component id="oc-ae">
         <name>.debug_info</name>
         <load_address>0x390c</load_address>
         <run_address>0x390c</run_address>
         <size>0x15a</size>
         <input_file_ref idref="fl-133"/>
      </object_component>
      <object_component id="oc-ab">
         <name>.debug_info</name>
         <load_address>0x3a66</load_address>
         <run_address>0x3a66</run_address>
         <size>0xff</size>
         <input_file_ref idref="fl-133"/>
      </object_component>
      <object_component id="oc-6f">
         <name>.debug_info</name>
         <load_address>0x3b65</load_address>
         <run_address>0x3b65</run_address>
         <size>0x1d6</size>
         <input_file_ref idref="fl-133"/>
      </object_component>
      <object_component id="oc-169">
         <name>.debug_info</name>
         <load_address>0x3d3b</load_address>
         <run_address>0x3d3b</run_address>
         <size>0x113</size>
         <input_file_ref idref="fl-134"/>
      </object_component>
      <object_component id="oc-16e">
         <name>.debug_info</name>
         <load_address>0x3e4e</load_address>
         <run_address>0x3e4e</run_address>
         <size>0xfc</size>
         <input_file_ref idref="fl-135"/>
      </object_component>
      <object_component id="oc-114">
         <name>.debug_info</name>
         <load_address>0x3f4a</load_address>
         <run_address>0x3f4a</run_address>
         <size>0x113</size>
         <input_file_ref idref="fl-136"/>
      </object_component>
      <object_component id="oc-10f">
         <name>.debug_info</name>
         <load_address>0x405d</load_address>
         <run_address>0x405d</run_address>
         <size>0x115</size>
         <input_file_ref idref="fl-136"/>
      </object_component>
      <object_component id="oc-129">
         <name>.debug_info</name>
         <load_address>0x4172</load_address>
         <run_address>0x4172</run_address>
         <size>0x101</size>
         <input_file_ref idref="fl-137"/>
      </object_component>
      <object_component id="oc-124">
         <name>.debug_info</name>
         <load_address>0x4273</load_address>
         <run_address>0x4273</run_address>
         <size>0x101</size>
         <input_file_ref idref="fl-138"/>
      </object_component>
      <object_component id="oc-164">
         <name>.debug_info</name>
         <load_address>0x4374</load_address>
         <run_address>0x4374</run_address>
         <size>0xf3</size>
         <input_file_ref idref="fl-139"/>
      </object_component>
      <object_component id="oc-12e">
         <name>.debug_info</name>
         <load_address>0x4467</load_address>
         <run_address>0x4467</run_address>
         <size>0x110</size>
         <input_file_ref idref="fl-13a"/>
      </object_component>
      <object_component id="oc-37">
         <name>.debug_info</name>
         <load_address>0x4577</load_address>
         <run_address>0x4577</run_address>
         <size>0xe0</size>
         <input_file_ref idref="fl-13b"/>
      </object_component>
      <object_component id="oc-29f">
         <name>.debug_info</name>
         <load_address>0x4657</load_address>
         <run_address>0x4657</run_address>
         <size>0xf5</size>
         <input_file_ref idref="fl-13c"/>
      </object_component>
      <object_component id="oc-23c">
         <name>.debug_info</name>
         <load_address>0x474c</load_address>
         <run_address>0x474c</run_address>
         <size>0x174</size>
         <input_file_ref idref="fl-13c"/>
      </object_component>
      <object_component id="oc-79">
         <name>.debug_info</name>
         <load_address>0x48c0</load_address>
         <run_address>0x48c0</run_address>
         <size>0x1eb</size>
         <input_file_ref idref="fl-13d"/>
      </object_component>
      <object_component id="oc-2b">
         <name>.debug_info</name>
         <load_address>0x4aab</load_address>
         <run_address>0x4aab</run_address>
         <size>0xca</size>
         <input_file_ref idref="fl-13d"/>
      </object_component>
      <object_component id="oc-2a1">
         <name>.debug_info</name>
         <load_address>0x4b75</load_address>
         <run_address>0x4b75</run_address>
         <size>0x115</size>
         <input_file_ref idref="fl-13d"/>
      </object_component>
      <object_component id="oc-242">
         <name>.debug_info</name>
         <load_address>0x4c8a</load_address>
         <run_address>0x4c8a</run_address>
         <size>0x869</size>
         <input_file_ref idref="fl-13d"/>
      </object_component>
      <object_component id="oc-b4">
         <name>.debug_info</name>
         <load_address>0x54f3</load_address>
         <run_address>0x54f3</run_address>
         <size>0x2c</size>
         <input_file_ref idref="fl-13d"/>
      </object_component>
      <object_component id="oc-b9">
         <name>.debug_info</name>
         <load_address>0x551f</load_address>
         <run_address>0x551f</run_address>
         <size>0x62</size>
         <input_file_ref idref="fl-13d"/>
      </object_component>
      <object_component id="oc-51">
         <name>.debug_info</name>
         <load_address>0x5581</load_address>
         <run_address>0x5581</run_address>
         <size>0x110</size>
         <input_file_ref idref="fl-13e"/>
      </object_component>
      <object_component id="oc-5c">
         <name>.debug_info</name>
         <load_address>0x5691</load_address>
         <run_address>0x5691</run_address>
         <size>0x111</size>
         <input_file_ref idref="fl-13f"/>
      </object_component>
      <object_component id="oc-74">
         <name>.debug_info</name>
         <load_address>0x57a2</load_address>
         <run_address>0x57a2</run_address>
         <size>0xd2</size>
         <input_file_ref idref="fl-140"/>
      </object_component>
      <object_component id="oc-29d">
         <name>.debug_info</name>
         <load_address>0x5874</load_address>
         <run_address>0x5874</run_address>
         <size>0xb3</size>
         <input_file_ref idref="fl-141"/>
      </object_component>
      <object_component id="oc-236">
         <name>.debug_info</name>
         <load_address>0x5927</load_address>
         <run_address>0x5927</run_address>
         <size>0x193</size>
         <input_file_ref idref="fl-141"/>
      </object_component>
      <object_component id="oc-120">
         <name>.debug_info</name>
         <load_address>0x5aba</load_address>
         <run_address>0x5aba</run_address>
         <size>0xf2</size>
         <input_file_ref idref="fl-142"/>
      </object_component>
      <object_component id="oc-28f">
         <name>.debug_info</name>
         <load_address>0x5bac</load_address>
         <run_address>0x5bac</run_address>
         <size>0x196</size>
         <input_file_ref idref="fl-143"/>
      </object_component>
      <object_component id="oc-224">
         <name>.debug_info</name>
         <load_address>0x5d42</load_address>
         <run_address>0x5d42</run_address>
         <size>0x363</size>
         <input_file_ref idref="fl-143"/>
      </object_component>
      <object_component id="oc-290">
         <name>.debug_info</name>
         <load_address>0x60a5</load_address>
         <run_address>0x60a5</run_address>
         <size>0x2c</size>
         <input_file_ref idref="fl-143"/>
      </object_component>
      <object_component id="oc-295">
         <name>.debug_info</name>
         <load_address>0x60d1</load_address>
         <run_address>0x60d1</run_address>
         <size>0x69</size>
         <input_file_ref idref="fl-143"/>
      </object_component>
      <object_component id="oc-182">
         <name>.debug_info</name>
         <load_address>0x613a</load_address>
         <run_address>0x613a</run_address>
         <size>0xed</size>
         <input_file_ref idref="fl-144"/>
      </object_component>
      <object_component id="oc-a8">
         <name>.debug_info</name>
         <load_address>0x6227</load_address>
         <run_address>0x6227</run_address>
         <size>0xdc</size>
         <input_file_ref idref="fl-144"/>
      </object_component>
      <object_component id="oc-17c">
         <name>.debug_info</name>
         <load_address>0x6303</load_address>
         <run_address>0x6303</run_address>
         <size>0x1e8</size>
         <input_file_ref idref="fl-144"/>
      </object_component>
      <object_component id="oc-306">
         <name>.debug_info</name>
         <load_address>0x64eb</load_address>
         <run_address>0x64eb</run_address>
         <size>0x394</size>
         <input_file_ref idref="fl-145"/>
      </object_component>
      <object_component id="oc-289">
         <name>.debug_info</name>
         <load_address>0x687f</load_address>
         <run_address>0x687f</run_address>
         <size>0x17f7</size>
         <input_file_ref idref="fl-145"/>
      </object_component>
      <object_component id="oc-307">
         <name>.debug_info</name>
         <load_address>0x8076</load_address>
         <run_address>0x8076</run_address>
         <size>0x86</size>
         <input_file_ref idref="fl-145"/>
      </object_component>
      <object_component id="oc-349">
         <name>.debug_info</name>
         <load_address>0x80fc</load_address>
         <run_address>0x80fc</run_address>
         <size>0x46</size>
         <input_file_ref idref="fl-145"/>
      </object_component>
      <object_component id="oc-30c">
         <name>.debug_info</name>
         <load_address>0x8142</load_address>
         <run_address>0x8142</run_address>
         <size>0x39</size>
         <input_file_ref idref="fl-145"/>
      </object_component>
      <object_component id="oc-a6">
         <name>.debug_info</name>
         <load_address>0x817b</load_address>
         <run_address>0x817b</run_address>
         <size>0x12f</size>
         <input_file_ref idref="fl-146"/>
      </object_component>
      <object_component id="oc-69">
         <name>.debug_info</name>
         <load_address>0x82aa</load_address>
         <run_address>0x82aa</run_address>
         <size>0x130</size>
         <input_file_ref idref="fl-146"/>
      </object_component>
      <object_component id="oc-175">
         <name>.debug_info</name>
         <load_address>0x83da</load_address>
         <run_address>0x83da</run_address>
         <size>0x5e</size>
         <input_file_ref idref="fl-146"/>
      </object_component>
      <object_component id="oc-346">
         <name>.debug_info</name>
         <load_address>0x8438</load_address>
         <run_address>0x8438</run_address>
         <size>0xdd</size>
         <input_file_ref idref="fl-147"/>
      </object_component>
      <object_component id="oc-300">
         <name>.debug_info</name>
         <load_address>0x8515</load_address>
         <run_address>0x8515</run_address>
         <size>0x13a</size>
         <input_file_ref idref="fl-147"/>
      </object_component>
      <object_component id="oc-9e">
         <name>.debug_info</name>
         <load_address>0x864f</load_address>
         <run_address>0x864f</run_address>
         <size>0x286</size>
         <input_file_ref idref="fl-148"/>
      </object_component>
      <object_component id="oc-62">
         <name>.debug_info</name>
         <load_address>0x88d5</load_address>
         <run_address>0x88d5</run_address>
         <size>0x140</size>
         <input_file_ref idref="fl-148"/>
      </object_component>
      <object_component id="oc-c2">
         <name>.debug_info</name>
         <load_address>0x8a15</load_address>
         <run_address>0x8a15</run_address>
         <size>0x39</size>
         <input_file_ref idref="fl-148"/>
      </object_component>
      <object_component id="oc-c7">
         <name>.debug_info</name>
         <load_address>0x8a4e</load_address>
         <run_address>0x8a4e</run_address>
         <size>0xcd</size>
         <input_file_ref idref="fl-148"/>
      </object_component>
      <object_component id="oc-bf">
         <name>.debug_info</name>
         <load_address>0x8b1b</load_address>
         <run_address>0x8b1b</run_address>
         <size>0x1a9</size>
         <input_file_ref idref="fl-149"/>
      </object_component>
      <object_component id="oc-98">
         <name>.debug_info</name>
         <load_address>0x8cc4</load_address>
         <run_address>0x8cc4</run_address>
         <size>0x165</size>
         <input_file_ref idref="fl-149"/>
      </object_component>
      <object_component id="oc-18a">
         <name>.debug_info</name>
         <load_address>0x8e29</load_address>
         <run_address>0x8e29</run_address>
         <size>0x2c</size>
         <input_file_ref idref="fl-149"/>
      </object_component>
      <object_component id="oc-373">
         <name>.debug_info</name>
         <load_address>0x8e55</load_address>
         <run_address>0x8e55</run_address>
         <size>0xb7</size>
         <input_file_ref idref="fl-14a"/>
      </object_component>
      <object_component id="oc-343">
         <name>.debug_info</name>
         <load_address>0x8f0c</load_address>
         <run_address>0x8f0c</run_address>
         <size>0xc3</size>
         <input_file_ref idref="fl-14a"/>
      </object_component>
      <object_component id="oc-2be">
         <name>.debug_info</name>
         <load_address>0x8fcf</load_address>
         <run_address>0x8fcf</run_address>
         <size>0xef</size>
         <input_file_ref idref="fl-14b"/>
      </object_component>
      <object_component id="oc-2cd">
         <name>.debug_info</name>
         <load_address>0x90be</load_address>
         <run_address>0x90be</run_address>
         <size>0xf1</size>
         <input_file_ref idref="fl-14b"/>
      </object_component>
      <object_component id="oc-2c8">
         <name>.debug_info</name>
         <load_address>0x91af</load_address>
         <run_address>0x91af</run_address>
         <size>0x101</size>
         <input_file_ref idref="fl-14c"/>
      </object_component>
      <object_component id="oc-2c3">
         <name>.debug_info</name>
         <load_address>0x92b0</load_address>
         <run_address>0x92b0</run_address>
         <size>0x101</size>
         <input_file_ref idref="fl-14d"/>
      </object_component>
      <object_component id="oc-2d2">
         <name>.debug_info</name>
         <load_address>0x93b1</load_address>
         <run_address>0x93b1</run_address>
         <size>0xf5</size>
         <input_file_ref idref="fl-14e"/>
      </object_component>
      <object_component id="oc-32d">
         <name>.debug_info</name>
         <load_address>0x94a6</load_address>
         <run_address>0x94a6</run_address>
         <size>0x155</size>
         <input_file_ref idref="fl-14f"/>
      </object_component>
      <object_component id="oc-2e2">
         <name>.debug_info</name>
         <load_address>0x95fb</load_address>
         <run_address>0x95fb</run_address>
         <size>0x155</size>
         <input_file_ref idref="fl-14f"/>
      </object_component>
      <object_component id="oc-1b7">
         <name>.debug_info</name>
         <load_address>0x9750</load_address>
         <run_address>0x9750</run_address>
         <size>0xf5</size>
         <input_file_ref idref="fl-150"/>
      </object_component>
      <object_component id="oc-2de">
         <name>.debug_info</name>
         <load_address>0x9845</load_address>
         <run_address>0x9845</run_address>
         <size>0xf3</size>
         <input_file_ref idref="fl-151"/>
      </object_component>
      <object_component id="oc-33b">
         <name>.debug_info</name>
         <load_address>0x9938</load_address>
         <run_address>0x9938</run_address>
         <size>0x157</size>
         <input_file_ref idref="fl-152"/>
      </object_component>
      <object_component id="oc-2e8">
         <name>.debug_info</name>
         <load_address>0x9a8f</load_address>
         <run_address>0x9a8f</run_address>
         <size>0x14c</size>
         <input_file_ref idref="fl-152"/>
      </object_component>
      <object_component id="oc-324">
         <name>.debug_info</name>
         <load_address>0x9bdb</load_address>
         <run_address>0x9bdb</run_address>
         <size>0x115</size>
         <input_file_ref idref="fl-153"/>
      </object_component>
      <object_component id="oc-2d8">
         <name>.debug_info</name>
         <load_address>0x9cf0</load_address>
         <run_address>0x9cf0</run_address>
         <size>0x18b</size>
         <input_file_ref idref="fl-153"/>
      </object_component>
      <object_component id="oc-341">
         <name>.debug_info</name>
         <load_address>0x9e7b</load_address>
         <run_address>0x9e7b</run_address>
         <size>0xba</size>
         <input_file_ref idref="fl-154"/>
      </object_component>
      <object_component id="oc-2fb">
         <name>.debug_info</name>
         <load_address>0x9f35</load_address>
         <run_address>0x9f35</run_address>
         <size>0x174</size>
         <input_file_ref idref="fl-154"/>
      </object_component>
      <object_component id="oc-33d">
         <name>.debug_info</name>
         <load_address>0xa0a9</load_address>
         <run_address>0xa0a9</run_address>
         <size>0xbe</size>
         <input_file_ref idref="fl-155"/>
      </object_component>
      <object_component id="oc-2ee">
         <name>.debug_info</name>
         <load_address>0xa167</load_address>
         <run_address>0xa167</run_address>
         <size>0x1ad</size>
         <input_file_ref idref="fl-155"/>
      </object_component>
      <object_component id="oc-2ba">
         <name>.debug_info</name>
         <load_address>0xa314</load_address>
         <run_address>0xa314</run_address>
         <size>0x14e</size>
         <input_file_ref idref="fl-156"/>
      </object_component>
      <object_component id="oc-33f">
         <name>.debug_info</name>
         <load_address>0xa462</load_address>
         <run_address>0xa462</run_address>
         <size>0x108</size>
         <input_file_ref idref="fl-157"/>
      </object_component>
      <object_component id="oc-2f4">
         <name>.debug_info</name>
         <load_address>0xa56a</load_address>
         <run_address>0xa56a</run_address>
         <size>0x13d</size>
         <input_file_ref idref="fl-157"/>
      </object_component>
      <object_component id="oc-35e">
         <name>.debug_info</name>
         <load_address>0xa6a7</load_address>
         <run_address>0xa6a7</run_address>
         <size>0x168</size>
         <input_file_ref idref="fl-158"/>
      </object_component>
      <object_component id="oc-330">
         <name>.debug_info</name>
         <load_address>0xa80f</load_address>
         <run_address>0xa80f</run_address>
         <size>0x17a</size>
         <input_file_ref idref="fl-158"/>
      </object_component>
      <object_component id="oc-37c">
         <name>.debug_info</name>
         <load_address>0xa989</load_address>
         <run_address>0xa989</run_address>
         <size>0x86</size>
         <input_file_ref idref="fl-158"/>
      </object_component>
      <object_component id="oc-357">
         <name>.debug_info</name>
         <load_address>0xaa0f</load_address>
         <run_address>0xaa0f</run_address>
         <size>0x152</size>
         <input_file_ref idref="fl-159"/>
      </object_component>
      <object_component id="oc-328">
         <name>.debug_info</name>
         <load_address>0xab61</load_address>
         <run_address>0xab61</run_address>
         <size>0x15b</size>
         <input_file_ref idref="fl-159"/>
      </object_component>
      <object_component id="oc-336">
         <name>.debug_info</name>
         <load_address>0xacbc</load_address>
         <run_address>0xacbc</run_address>
         <size>0x13b</size>
         <input_file_ref idref="fl-15a"/>
      </object_component>
      <object_component id="oc-35b">
         <name>.debug_info</name>
         <load_address>0xadf7</load_address>
         <run_address>0xadf7</run_address>
         <size>0x19d</size>
         <input_file_ref idref="fl-15b"/>
      </object_component>
      <object_component id="oc-366">
         <name>.debug_info</name>
         <load_address>0xaf94</load_address>
         <run_address>0xaf94</run_address>
         <size>0xbe</size>
         <input_file_ref idref="fl-15c"/>
      </object_component>
      <object_component id="oc-3a2">
         <name>.debug_info</name>
         <load_address>0xb052</load_address>
         <run_address>0xb052</run_address>
         <size>0x195</size>
         <input_file_ref idref="fl-15d"/>
      </object_component>
      <object_component id="oc-38a">
         <name>.debug_info</name>
         <load_address>0xb1e7</load_address>
         <run_address>0xb1e7</run_address>
         <size>0xf6</size>
         <input_file_ref idref="fl-15d"/>
      </object_component>
      <object_component id="oc-361">
         <name>.debug_info</name>
         <load_address>0xb2dd</load_address>
         <run_address>0xb2dd</run_address>
         <size>0x157</size>
         <input_file_ref idref="fl-15d"/>
      </object_component>
      <object_component id="oc-39d">
         <name>.debug_info</name>
         <load_address>0xb434</load_address>
         <run_address>0xb434</run_address>
         <size>0x6f</size>
         <input_file_ref idref="fl-15d"/>
      </object_component>
      <object_component id="oc-39a">
         <name>.debug_info</name>
         <load_address>0xb4a3</load_address>
         <run_address>0xb4a3</run_address>
         <size>0xe5</size>
         <input_file_ref idref="fl-15e"/>
      </object_component>
      <object_component id="oc-385">
         <name>.debug_info</name>
         <load_address>0xb588</load_address>
         <run_address>0xb588</run_address>
         <size>0x13c</size>
         <input_file_ref idref="fl-15e"/>
      </object_component>
      <object_component id="oc-3ab">
         <name>.debug_info</name>
         <load_address>0xb6c4</load_address>
         <run_address>0xb6c4</run_address>
         <size>0x2c</size>
         <input_file_ref idref="fl-15e"/>
      </object_component>
      <object_component id="oc-3a8">
         <name>.debug_info</name>
         <load_address>0xb6f0</load_address>
         <run_address>0xb6f0</run_address>
         <size>0x105</size>
         <input_file_ref idref="fl-15f"/>
      </object_component>
      <object_component id="oc-3a5">
         <name>.debug_info</name>
         <load_address>0xb7f5</load_address>
         <run_address>0xb7f5</run_address>
         <size>0xc3</size>
         <input_file_ref idref="fl-15f"/>
      </object_component>
      <object_component id="oc-394">
         <name>.debug_info</name>
         <load_address>0xb8b8</load_address>
         <run_address>0xb8b8</run_address>
         <size>0x152</size>
         <input_file_ref idref="fl-15f"/>
      </object_component>
      <object_component id="oc-377">
         <name>.debug_info</name>
         <load_address>0xba0a</load_address>
         <run_address>0xba0a</run_address>
         <size>0x11d</size>
         <input_file_ref idref="fl-160"/>
      </object_component>
      <object_component id="oc-351">
         <name>.debug_info</name>
         <load_address>0xbb27</load_address>
         <run_address>0xbb27</run_address>
         <size>0x135</size>
         <input_file_ref idref="fl-160"/>
      </object_component>
      <object_component id="oc-1ff">
         <name>.debug_info</name>
         <load_address>0xbc5c</load_address>
         <run_address>0xbc5c</run_address>
         <size>0x1c2</size>
         <input_file_ref idref="fl-161"/>
      </object_component>
      <object_component id="oc-205">
         <name>.debug_info</name>
         <load_address>0xbe1e</load_address>
         <run_address>0xbe1e</run_address>
         <size>0x219</size>
         <input_file_ref idref="fl-161"/>
      </object_component>
      <object_component id="oc-1f3">
         <name>.debug_info</name>
         <load_address>0xc037</load_address>
         <run_address>0xc037</run_address>
         <size>0x212</size>
         <input_file_ref idref="fl-161"/>
      </object_component>
      <object_component id="oc-1f9">
         <name>.debug_info</name>
         <load_address>0xc249</load_address>
         <run_address>0xc249</run_address>
         <size>0x1cf</size>
         <input_file_ref idref="fl-161"/>
      </object_component>
      <object_component id="oc-d9">
         <name>.debug_info</name>
         <load_address>0xc418</load_address>
         <run_address>0xc418</run_address>
         <size>0x229</size>
         <input_file_ref idref="fl-162"/>
      </object_component>
      <object_component id="oc-1e7">
         <name>.debug_info</name>
[...]
         <value>0x200062a5</value>
         <object_component_ref idref="oc-168"/>
      </symbol>
      <symbol id="sm-1b7">
         <name>__aeabi_dadd</name>
         <value>0x200062af</value>
         <object_component_ref idref="oc-168"/>
      </symbol>
      <symbol id="sm-1c3">
         <name>__aeabi_d2f</name>
         <value>0x200072c9</value>
         <object_component_ref idref="oc-16d"/>
      </symbol>
      <symbol id="sm-1de">
         <name>__aeabi_cfrcmple</name>
         <value>0x20007121</value>
         <object_component_ref idref="oc-10e"/>
      </symbol>
      <symbol id="sm-1df">
         <name>__aeabi_cfcmpeq</name>
         <value>0x200070c1</value>
         <object_component_ref idref="oc-113"/>
      </symbol>
      <symbol id="sm-1e0">
         <name>__aeabi_cfcmple</name>
         <value>0x200070c1</value>
         <object_component_ref idref="oc-113"/>
      </symbol>
      <symbol id="sm-1f5">
         <name>__aeabi_fdiv</name>
         <value>0x20006b69</value>
         <object_component_ref idref="oc-128"/>
      </symbol>
      <symbol id="sm-207">
         <name>__aeabi_fmul</name>
         <value>0x20006e19</value>
         <object_component_ref idref="oc-123"/>
      </symbol>
      <symbol id="sm-215">
         <name>__aeabi_f2d</name>
         <value>0x20007559</value>
         <object_component_ref idref="oc-163"/>
      </symbol>
      <symbol id="sm-221">
         <name>__aeabi_f2uiz</name>
         <value>0x20007669</value>
         <object_component_ref idref="oc-12d"/>
      </symbol>
      <symbol id="sm-23c">
         <name>memcpy</name>
         <value>0x20006a39</value>
         <object_component_ref idref="oc-36"/>
      </symbol>
      <symbol id="sm-23d">
         <name>__aeabi_memcpy</name>
         <value>0x20006a39</value>
         <object_component_ref idref="oc-36"/>
      </symbol>
      <symbol id="sm-23e">
         <name>__aeabi_memcpy8</name>
         <value>0x20006a39</value>
         <object_component_ref idref="oc-36"/>
      </symbol>
      <symbol id="sm-23f">
         <name>__aeabi_memcpy4</name>
         <value>0x20006a39</value>
         <object_component_ref idref="oc-36"/>
      </symbol>
      <symbol id="sm-24f">
         <name>memmove</name>
         <value>0x200078a9</value>
         <object_component_ref idref="oc-23b"/>
      </symbol>
      <symbol id="sm-2c6">
         <name>_sys_memory</name>
         <value>0x20017000</value>
         <object_component_ref idref="oc-2a"/>
      </symbol>
      <symbol id="sm-2c7">
         <name>free</name>
         <value>0x2000559f</value>
         <object_component_ref idref="oc-241"/>
      </symbol>
      <symbol id="sm-2c8">
         <name>realloc</name>
         <value>0x20005661</value>
         <object_component_ref idref="oc-241"/>
      </symbol>
      <symbol id="sm-2c9">
         <name>memalign</name>
         <value>0x2000576d</value>
         <object_component_ref idref="oc-241"/>
      </symbol>
      <symbol id="sm-2ca">
         <name>calloc</name>
         <value>0x20005851</value>
         <object_component_ref idref="oc-241"/>
      </symbol>
      <symbol id="sm-2cb">
         <name>malloc</name>
         <value>0x20005537</value>
         <object_component_ref idref="oc-241"/>
      </symbol>
      <symbol id="sm-2cc">
         <name>minit</name>
         <value>0x200054a9</value>
         <object_component_ref idref="oc-241"/>
      </symbol>
      <symbol id="sm-2db">
         <name>__aeabi_memset</name>
         <value>0x20006e95</value>
         <object_component_ref idref="oc-4f"/>
      </symbol>
      <symbol id="sm-2dc">
         <name>memset</name>
         <value>0x20006e9b</value>
         <object_component_ref idref="oc-4f"/>
      </symbol>
      <symbol id="sm-2dd">
         <name>__aeabi_memset8</name>
         <value>0x20006e95</value>
         <object_component_ref idref="oc-4f"/>
      </symbol>
      <symbol id="sm-2de">
         <name>__aeabi_memset4</name>
         <value>0x20006e95</value>
         <object_component_ref idref="oc-4f"/>
      </symbol>
      <symbol id="sm-2df">
         <name>__aeabi_memclr8</name>
         <value>0x20006e93</value>
         <object_component_ref idref="oc-4f"/>
      </symbol>
      <symbol id="sm-2e0">
         <name>__aeabi_memclr4</name>
         <value>0x20006e93</value>
         <object_component_ref idref="oc-4f"/>
      </symbol>
      <symbol id="sm-2e1">
         <name>__aeabi_memclr</name>
         <value>0x20006e93</value>
         <object_component_ref idref="oc-4f"/>
      </symbol>
      <symbol id="sm-2eb">
         <name>_system_pre_init</name>
         <value>0x20007b8f</value>
         <object_component_ref idref="oc-5b"/>
      </symbol>
      <symbol id="sm-2f3">
         <name>main_func_sp</name>
         <value>0x20017958</value>
         <object_component_ref idref="oc-73"/>
      </symbol>
      <symbol id="sm-301">
         <name>strlen</name>
         <value>0x20007b3d</value>
         <object_component_ref idref="oc-235"/>
      </symbol>
      <symbol id="sm-30d">
         <name>__aeabi_ui2f</name>
         <value>0x200078cd</value>
         <object_component_ref idref="oc-11e"/>
      </symbol>
      <symbol id="sm-32e">
         <name>vsnprintf</name>
         <value>0x20006c85</value>
         <object_component_ref idref="oc-223"/>
      </symbol>
      <symbol id="sm-347">
         <name>_nop</name>
         <value>0x20007b37</value>
         <object_component_ref idref="oc-17a"/>
      </symbol>
      <symbol id="sm-348">
         <name>_lock</name>
         <value>0x2001793c</value>
         <object_component_ref idref="oc-a7"/>
      </symbol>
      <symbol id="sm-349">
         <name>_unlock</name>
         <value>0x20017940</value>
         <object_component_ref idref="oc-a7"/>
      </symbol>
      <symbol id="sm-34a">
         <name>_register_lock</name>
         <value>0x20007b2f</value>
         <object_component_ref idref="oc-17a"/>
      </symbol>
      <symbol id="sm-34b">
         <name>_register_unlock</name>
         <value>0x20007b29</value>
         <object_component_ref idref="oc-17a"/>
      </symbol>
      <symbol id="sm-450">
         <name>__TI_printfi</name>
         <value>0x200051a1</value>
         <object_component_ref idref="oc-288"/>
      </symbol>
      <symbol id="sm-465">
         <name>_args_main</name>
         <value>0x20007a69</value>
         <object_component_ref idref="oc-67"/>
      </symbol>
      <symbol id="sm-47b">
         <name>atoi</name>
         <value>0x20007231</value>
         <object_component_ref idref="oc-2ff"/>
      </symbol>
      <symbol id="sm-4a1">
         <name>__TI_auto_init</name>
         <value>0x20006f85</value>
         <object_component_ref idref="oc-61"/>
      </symbol>
      <symbol id="sm-4bb">
         <name>copy_in</name>
         <value>0x2000727d</value>
         <object_component_ref idref="oc-97"/>
      </symbol>
      <symbol id="sm-4c6">
         <name>_ctypes_</name>
         <value>0x20007b94</value>
         <object_component_ref idref="oc-342"/>
      </symbol>
      <symbol id="sm-4ed">
         <name>__aeabi_cdcmpeq</name>
         <value>0x20006d0d</value>
         <object_component_ref idref="oc-2bd"/>
      </symbol>
      <symbol id="sm-4ee">
         <name>__aeabi_cdcmple</name>
         <value>0x20006d0d</value>
         <object_component_ref idref="oc-2bd"/>
      </symbol>
      <symbol id="sm-4ef">
         <name>__aeabi_cdrcmple</name>
         <value>0x20006d93</value>
         <object_component_ref idref="oc-2cc"/>
      </symbol>
      <symbol id="sm-50f">
         <name>__aeabi_ddiv</name>
         <value>0x2000645b</value>
         <object_component_ref idref="oc-2c7"/>
      </symbol>
      <symbol id="sm-526">
         <name>__aeabi_dmul</name>
         <value>0x200067d5</value>
         <object_component_ref idref="oc-2c2"/>
      </symbol>
      <symbol id="sm-534">
         <name>__aeabi_d2iz</name>
         <value>0x20007313</value>
         <object_component_ref idref="oc-2d1"/>
      </symbol>
      <symbol id="sm-541">
         <name>frexp</name>
         <value>0x20007913</value>
         <object_component_ref idref="oc-2e1"/>
      </symbol>
      <symbol id="sm-54d">
         <name>__aeabi_f2iz</name>
         <value>0x20007591</value>
         <object_component_ref idref="oc-1b4"/>
      </symbol>
      <symbol id="sm-559">
         <name>__aeabi_i2d</name>
         <value>0x2000772d</value>
         <object_component_ref idref="oc-2dc"/>
      </symbol>
      <symbol id="sm-56a">
         <name>ldexp</name>
         <value>0x2000735b</value>
         <object_component_ref idref="oc-2e7"/>
      </symbol>
      <symbol id="sm-579">
         <name>ltoa</name>
         <value>0x200071d9</value>
         <object_component_ref idref="oc-2d6"/>
      </symbol>
      <symbol id="sm-589">
         <name>memccpy</name>
         <value>0x200079e7</value>
         <object_component_ref idref="oc-2f9"/>
      </symbol>
      <symbol id="sm-599">
         <name>strchr</name>
         <value>0x20007ac3</value>
         <object_component_ref idref="oc-2ed"/>
      </symbol>
      <symbol id="sm-5c3">
         <name>__aeabi_uldivmod</name>
         <value>0x200060b1</value>
         <object_component_ref idref="oc-2b8"/>
      </symbol>
      <symbol id="sm-5d1">
         <name>_Dclass</name>
         <value>0x20007833</value>
         <object_component_ref idref="oc-2f3"/>
      </symbol>
      <symbol id="sm-5f2">
         <name>_Dscale</name>
         <value>0x200066c5</value>
         <object_component_ref idref="oc-32e"/>
      </symbol>
      <symbol id="sm-606">
         <name>_Dunscale</name>
         <value>0x2000705b</value>
         <object_component_ref idref="oc-326"/>
      </symbol>
      <symbol id="sm-615">
         <name>_Feraise</name>
         <value>0x200076fd</value>
         <object_component_ref idref="oc-334"/>
      </symbol>
      <symbol id="sm-625">
         <name>_Rteps</name>
         <value>0x20017910</value>
         <object_component_ref idref="oc-35a"/>
      </symbol>
      <symbol id="sm-626">
         <name>_Zero</name>
         <value>0x20017928</value>
         <object_component_ref idref="oc-35a"/>
      </symbol>
      <symbol id="sm-627">
         <name>_Hugeval</name>
         <value>0x200178d0</value>
         <object_component_ref idref="oc-35a"/>
      </symbol>
      <symbol id="sm-628">
         <name>_Snan</name>
         <value>0x20017900</value>
         <object_component_ref idref="oc-35a"/>
      </symbol>
      <symbol id="sm-629">
         <name>_Nan</name>
         <value>0x200178f0</value>
         <object_component_ref idref="oc-35a"/>
      </symbol>
      <symbol id="sm-62a">
         <name>_Inf</name>
         <value>0x200178e0</value>
         <object_component_ref idref="oc-35a"/>
      </symbol>
      <symbol id="sm-62b">
         <name>_Xbig</name>
         <value>0x20017920</value>
         <object_component_ref idref="oc-35a"/>
      </symbol>
      <symbol id="sm-62c">
         <name>_Eps</name>
         <value>0x200178c0</value>
         <object_component_ref idref="oc-35a"/>
      </symbol>
      <symbol id="sm-62d">
         <name>_Denorm</name>
         <value>0x200178b0</value>
         <object_component_ref idref="oc-35a"/>
      </symbol>
      <symbol id="sm-635">
         <name>_Errno</name>
         <value>0x20017954</value>
         <object_component_ref idref="oc-365"/>
      </symbol>
      <symbol id="sm-653">
         <name>feraiseexcept</name>
         <value>0x20007635</value>
         <object_component_ref idref="oc-35f"/>
      </symbol>
      <symbol id="sm-654">
         <name>_Tls_setup__Fenv</name>
         <value>0x20017950</value>
         <object_component_ref idref="oc-389"/>
      </symbol>
      <symbol id="sm-655">
         <name>_Fenv</name>
         <value>0x2001794c</value>
         <object_component_ref idref="oc-389"/>
      </symbol>
      <symbol id="sm-669">
         <name>raise</name>
         <value>0x2000775b</value>
         <object_component_ref idref="oc-383"/>
      </symbol>
      <symbol id="sm-683">
         <name>signal</name>
         <value>0x20007469</value>
         <object_component_ref idref="oc-393"/>
      </symbol>
      <symbol id="sm-698">
         <name>_Dnorm</name>
         <value>0x200068d1</value>
         <object_component_ref idref="oc-350"/>
      </symbol>
      <symbol id="sm-6be">
         <name>ADCChannelEnable</name>
         <value>0x20007521</value>
         <object_component_ref idref="oc-204"/>
      </symbol>
      <symbol id="sm-6bf">
         <name>ADCTimerEnable</name>
         <value>0x20007a81</value>
         <object_component_ref idref="oc-1f8"/>
      </symbol>
      <symbol id="sm-6c0">
         <name>ADCTimerConfig</name>
         <value>0x200078f1</value>
         <object_component_ref idref="oc-1f2"/>
      </symbol>
      <symbol id="sm-6c1">
         <name>ADCEnable</name>
         <value>0x20007ad9</value>
         <object_component_ref idref="oc-1fe"/>
      </symbol>
      <symbol id="sm-6dd">
         <name>GPIOPinRead</name>
         <value>0x20007a37</value>
         <object_component_ref idref="oc-1e6"/>
      </symbol>
      <symbol id="sm-6de">
         <name>GPIODirModeSet</name>
         <value>0x200075c9</value>
         <object_component_ref idref="oc-d8"/>
      </symbol>
      <symbol id="sm-6df">
         <name>GPIOPinWrite</name>
         <value>0x20007935</value>
         <object_component_ref idref="oc-15c"/>
      </symbol>
      <symbol id="sm-716">
         <name>IntVTableBaseSet</name>
         <value>0x20007b01</value>
         <object_component_ref idref="oc-132"/>
      </symbol>
      <symbol id="sm-717">
         <name>IntEnable</name>
         <value>0x20006991</value>
         <object_component_ref idref="oc-13e"/>
      </symbol>
      <symbol id="sm-718">
         <name>IntMasterEnable</name>
         <value>0x20007b79</value>
         <object_component_ref idref="oc-138"/>
      </symbol>
      <symbol id="sm-75f">
         <name>PinTypeUART</name>
         <value>0x20007a1d</value>
         <object_component_ref idref="oc-14a"/>
      </symbol>
      <symbol id="sm-760">
         <name>PinTypeADC</name>
         <value>0x20007b15</value>
         <object_component_ref idref="oc-1ec"/>
      </symbol>
      <symbol id="sm-761">
         <name>PinTypeTimer</name>
         <value>0x20007a03</value>
         <object_component_ref idref="oc-de"/>
      </symbol>
      <symbol id="sm-762">
         <name>PinTypeGPIO</name>
         <value>0x2000769d</value>
         <object_component_ref idref="oc-d2"/>
      </symbol>
      <symbol id="sm-763">
         <name>PinConfigSet</name>
         <value>0x20006bfd</value>
         <object_component_ref idref="oc-193"/>
      </symbol>
      <symbol id="sm-764">
         <name>PinModeSet</name>
         <value>0x20007429</value>
         <object_component_ref idref="oc-199"/>
      </symbol>
      <symbol id="sm-7e6">
         <name>PRCMPeripheralReset</name>
         <value>0x20007181</value>
         <object_component_ref idref="oc-1d2"/>
      </symbol>
      <symbol id="sm-7e7">
         <name>PRCMPeripheralClkEnable</name>
         <value>0x200074a9</value>
         <object_component_ref idref="oc-cc"/>
      </symbol>
      <symbol id="sm-7e8">
         <name>PRCMPeripheralClockGet</name>
         <value>0x20006ad5</value>
         <object_component_ref idref="oc-211"/>
      </symbol>
      <symbol id="sm-7e9">
         <name>PRCMCC3200MCUInit</name>
         <value>0x20006591</value>
         <object_component_ref idref="oc-144"/>
      </symbol>
      <symbol id="sm-7ea">
         <name>PRCMHIBRegWrite</name>
         <value>0x20007aad</value>
         <object_component_ref idref="oc-1cc"/>
      </symbol>
      <symbol id="sm-7eb">
         <name>PRCMSysResetCauseGet</name>
         <value>0x20007789</value>
         <object_component_ref idref="oc-1de"/>
      </symbol>
      <symbol id="sm-7ec">
         <name>PRCMPeripheralClkDisable</name>
         <value>0x2000785d</value>
         <object_component_ref idref="oc-1d8"/>
      </symbol>
      <symbol id="sm-7ed">
         <name>PRCMHIBRegRead</name>
         <value>0x20007a97</value>
         <object_component_ref idref="oc-1c6"/>
      </symbol>
      <symbol id="sm-83c">
         <name>TimerMatchSet</name>
         <value>0x200077df</value>
         <object_component_ref idref="oc-102"/>
      </symbol>
      <symbol id="sm-83d">
         <name>TimerLoadSet</name>
         <value>0x200077b5</value>
         <object_component_ref idref="oc-fc"/>
      </symbol>
      <symbol id="sm-83e">
         <name>TimerControlLevel</name>
         <value>0x200075ff</value>
         <object_component_ref idref="oc-f0"/>
      </symbol>
      <symbol id="sm-83f">
         <name>TimerDisable</name>
         <value>0x20007955</value>
         <object_component_ref idref="oc-e4"/>
      </symbol>
      <symbol id="sm-840">
         <name>TimerEnable</name>
         <value>0x20007973</value>
         <object_component_ref idref="oc-108"/>
      </symbol>
      <symbol id="sm-841">
         <name>TimerPrescaleSet</name>
         <value>0x20007809</value>
         <object_component_ref idref="oc-f6"/>
      </symbol>
      <symbol id="sm-842">
         <name>TimerLoadGet</name>
         <value>0x200079af</value>
         <object_component_ref idref="oc-118"/>
      </symbol>
      <symbol id="sm-843">
         <name>TimerConfigure</name>
         <value>0x200073a1</value>
         <object_component_ref idref="oc-ea"/>
      </symbol>
      <symbol id="sm-87f">
         <name>UARTConfigSetExpClk</name>
         <value>0x20006f0d</value>
         <object_component_ref idref="oc-217"/>
      </symbol>
      <symbol id="sm-880">
         <name>UARTDisable</name>
         <value>0x200076cd</value>
         <object_component_ref idref="oc-27a"/>
      </symbol>
      <symbol id="sm-881">
         <name>UARTCharsAvail</name>
         <value>0x20007a4f</value>
         <object_component_ref idref="oc-229"/>
      </symbol>
      <symbol id="sm-882">
         <name>UARTCharGetNonBlocking</name>
         <value>0x200079cb</value>
         <object_component_ref idref="oc-22f"/>
      </symbol>
      <symbol id="sm-883">
         <name>UARTCharPut</name>
         <value>0x20007991</value>
         <object_component_ref idref="oc-21d"/>
      </symbol>
      <symbol id="sm-884">
         <name>UARTEnable</name>
         <value>0x20007885</value>
         <object_component_ref idref="oc-280"/>
      </symbol>
      <symbol id="sm-888">
         <name>UtilsDelay</name>
         <value>0x20007b83</value>
         <object_component_ref idref="oc-162"/>
      </symbol>
      <symbol id="sm-892">
         <name>CPUcpsie</name>
         <value>0x20007aed</value>
         <object_component_ref idref="oc-1bb"/>
      </symbol>
      <symbol id="sm-898">
         <name>__TI_static_base__</name>
         <value>0x20007f18</value>
      </symbol>
      <symbol id="sm-89b">
         <name>SHT$$INIT_ARRAY$$Limit</name>
         <value>0x0</value>
      </symbol>
      <symbol id="sm-89c">
         <name>SHT$$INIT_ARRAY$$Base</name>
         <value>0x0</value>
      </symbol>
   </symbol_table>
   <title>Link successful</title>
</link_info>
