******************************************************************************
                  TI ARM Linker PC v5.2.2                      
******************************************************************************
>> Linked Fri Nov 27 13:49:58 2015

OUTPUT FILE NAME:   <hello_World.out>
ENTRY POINT SYMBOL: "_c_int00"  address: 200074e5


MEMORY CONFIGURATION

         name            origin    length      used     unused   attr    fill
----------------------  --------  ---------  --------  --------  ----  --------
  SRAM_CODE             20004000   00012fff  00003f8a  0000f075  RW X
  SRAM_DATA             20017000   00019000  00001160  00017ea0  RW X


SEGMENT ALLOCATION MAP

run origin  load origin   length   init length attrs members
----------  ----------- ---------- ----------- ----- -------
20004000    20004000    00003f90   00003f90    r-x
  20004000    20004000    00000400   00000400    r-- .intvecs
  20004400    20004400    00003792   00003792    r-x .text
  20007b94    20007b94    00000380   00000380    r-- .const
  20007f18    20007f18    00000078   00000078    r-- .cinit
20017000    20017000    00000960   00000000    rw-
  20017000    20017000    00000800   00000000    rw- .sysmem
  20017800    20017800    0000015c   00000000    rw- .data
  2001795c    2001795c    00000004   00000000    rw- .bss
2002f800    2002f800    00000800   00000000    rw-
  2002f800    2002f800    00000800   00000000    rw- .stack


SECTION ALLOCATION MAP

 output                                  attributes/
section   page    origin      length       input sections
--------  ----  ----------  ----------   ----------------
.intvecs   0    20004000    00000400     
                  20004000    00000400     startup_ccs.obj (.intvecs)

.init_array 
*          0    20004000    00000000     UNINITIALIZED

.text      0    20004400    00003792     
                  20004400    000010a6     rtsv7M4_T_le_eabi.lib : _printfi.obj (.text)
                  200054a6    00000002     --HOLE-- [fill = 0]
                  200054a8    000003dc                           : memory.obj (.text)
                  20005884    00000304     iodriver.obj (.text)
                  20005b88    000002a8     hello.obj (.text)
                  20005e30    00000280     uart_if.obj (.text)
                  200060b0    000001f4     rtsv7M4_T_le_eabi.lib : ull_div_t2.obj (.text)
                  200062a4    000001b6                           : fd_add_t2.obj (.text)
                  2000645a    00000136                           : fd_div_t2.obj (.text)
                  20006590    00000134     driverlib.a : prcm.obj (.text:PRCMCC3200MCUInit)
                  200066c4    00000110     rtsv7M4_T_le_eabi.lib : xdscale.obj (.text)
                  200067d4    000000fc                           : fd_mul_t2.obj (.text)
                  200068d0    000000be                           : xdnorm.obj (.text)
                  2000698e    00000002     --HOLE-- [fill = 0]
                  20006990    000000a8     driverlib.a : interrupt.obj (.text:IntEnable)
                  20006a38    0000009c     rtsv7M4_T_le_eabi.lib : memcpy_t2.obj (.text)
                  20006ad4    00000094     driverlib.a : prcm.obj (.text:PRCMPeripheralClockGet)
                  20006b68    00000092     rtsv7M4_T_le_eabi.lib : fs_div_t2.obj (.text)
                  20006bfa    00000002     --HOLE-- [fill = 0]
                  20006bfc    00000088     driverlib.a : pin.obj (.text:PinConfigSet)
                  20006c84    00000088     rtsv7M4_T_le_eabi.lib : vsnprintf.obj (.text)
                  20006d0c    00000086                           : fd_cmp_t2.obj (.text:__aeabi_cdcmple)
                  20006d92    00000086                           : fd_cmp_t2.obj (.text:__aeabi_cdrcmple)
                  20006e18    0000007a                           : fs_mul_t2.obj (.text)
                  20006e92    0000007a                           : memset_t2.obj (.text)
                  20006f0c    00000076     driverlib.a : uart.obj (.text:UARTConfigSetExpClk)
                  20006f82    00000002     --HOLE-- [fill = 0]
                  20006f84    0000006c     rtsv7M4_T_le_eabi.lib : autoinit.obj (.text)
                  20006ff0    0000006a                           : copy_decompress_rle.obj (.text)
                  2000705a    00000066                           : xdunscal.obj (.text)
                  200070c0    00000060                           : fs_cmp_t2.obj (.text:__aeabi_cfcmple)
                  20007120    00000060                           : fs_cmp_t2.obj (.text:__aeabi_cfrcmple)
                  20007180    00000058     driverlib.a : prcm.obj (.text:PRCMPeripheralReset)
                  200071d8    00000056     rtsv7M4_T_le_eabi.lib : ltoa.obj (.text)
                  2000722e    00000002     --HOLE-- [fill = 0]
                  20007230    0000004c                           : atoi.obj (.text)
                  2000727c    0000004c                           : cpy_tbl.obj (.text)
                  200072c8    0000004a                           : fd_tos_t2.obj (.text)
                  20007312    00000048                           : fd_toi_t2.obj (.text)
                  2000735a    00000046                           : ldexp.obj (.text)
                  200073a0    00000044     driverlib.a : timer.obj (.text:TimerConfigure)
                  200073e4    00000044     rtsv7M4_T_le_eabi.lib : exit.obj (.text)
                  20007428    00000040     driverlib.a : pin.obj (.text:PinModeSet)
                  20007468    00000040     rtsv7M4_T_le_eabi.lib : signal.obj (.text)
                  200074a8    0000003c     driverlib.a : prcm.obj (.text:PRCMPeripheralClkEnable)
                  200074e4    0000003c     rtsv7M4_T_le_eabi.lib : boot.obj (.text)
                  20007520    00000038     driverlib.a : adc.obj (.text:ADCChannelEnable)
                  20007558    00000038     rtsv7M4_T_le_eabi.lib : fs_tod_t2.obj (.text)
                  20007590    00000038                           : fs_toi_t2.obj (.text)
                  200075c8    00000036     driverlib.a : gpio.obj (.text:GPIODirModeSet)
                  200075fe    00000036                 : timer.obj (.text:TimerControlLevel)
                  20007634    00000034     rtsv7M4_T_le_eabi.lib : feraiseexcept.obj (.text)
                  20007668    00000034                           : fs_tou_t2.obj (.text)
                  2000769c    00000030     driverlib.a : pin.obj (.text:PinTypeGPIO)
                  200076cc    00000030                 : uart.obj (.text:UARTDisable)
                  200076fc    00000030     rtsv7M4_T_le_eabi.lib : xferaise.obj (.text)
                  2000772c    0000002e                           : i_tofd_t2.obj (.text)
                  2000775a    0000002e                           : raise.obj (.text)
                  20007788    0000002c     driverlib.a : prcm.obj (.text:PRCMSysResetCauseGet)
                  200077b4    0000002a                 : timer.obj (.text:TimerLoadSet)
                  200077de    0000002a                 : timer.obj (.text:TimerMatchSet)
                  20007808    0000002a                 : timer.obj (.text:TimerPrescaleSet)
                  20007832    0000002a     rtsv7M4_T_le_eabi.lib : xdclass.obj (.text)
                  2000785c    00000028     driverlib.a : prcm.obj (.text:PRCMPeripheralClkDisable)
                  20007884    00000024                 : uart.obj (.text:UARTEnable)
                  200078a8    00000024     rtsv7M4_T_le_eabi.lib : memmov.obj (.text)
                  200078cc    00000024                           : u_tofs_t2.obj (.text)
                  200078f0    00000022     driverlib.a : adc.obj (.text:ADCTimerConfig)
                  20007912    00000022     rtsv7M4_T_le_eabi.lib : frexp.obj (.text)
                  20007934    00000020     driverlib.a : gpio.obj (.text:GPIOPinWrite)
                  20007954    0000001e                 : timer.obj (.text:TimerDisable)
                  20007972    0000001e                 : timer.obj (.text:TimerEnable)
                  20007990    0000001e                 : uart.obj (.text:UARTCharPut)
                  200079ae    0000001c                 : timer.obj (.text:TimerLoadGet)
                  200079ca    0000001c                 : uart.obj (.text:UARTCharGetNonBlocking)
                  200079e6    0000001c     rtsv7M4_T_le_eabi.lib : memccpy.obj (.text)
                  20007a02    0000001a     driverlib.a : pin.obj (.text:PinTypeTimer)
                  20007a1c    0000001a                 : pin.obj (.text:PinTypeUART)
                  20007a36    00000018                 : gpio.obj (.text:GPIOPinRead)
                  20007a4e    00000018                 : uart.obj (.text:UARTCharsAvail)
                  20007a66    00000002     --HOLE-- [fill = 0]
                  20007a68    00000018     rtsv7M4_T_le_eabi.lib : args_main.obj (.text)
                  20007a80    00000016     driverlib.a : adc.obj (.text:ADCTimerEnable)
                  20007a96    00000016                 : prcm.obj (.text:PRCMHIBRegRead)
                  20007aac    00000016                 : prcm.obj (.text:PRCMHIBRegWrite)
                  20007ac2    00000016     rtsv7M4_T_le_eabi.lib : strchr.obj (.text)
                  20007ad8    00000014     driverlib.a : adc.obj (.text:ADCEnable)
                  20007aec    00000014                 : cpu.obj (.text:CPUcpsie)
                  20007b00    00000014                 : interrupt.obj (.text:IntVTableBaseSet)
                  20007b14    00000014                 : pin.obj (.text:PinTypeADC)
                  20007b28    00000014     rtsv7M4_T_le_eabi.lib : _lock.obj (.text)
                  20007b3c    00000014                           : strlen.obj (.text)
                  20007b50    0000000e                           : copy_decompress_none.obj (.text:decompress:none)
                  20007b5e    0000000e     startup_ccs.obj (.text)
                  20007b6c    0000000c     rtsv7M4_T_le_eabi.lib : copy_zero_init.obj (.text:decompress:ZI)
                  20007b78    0000000a     driverlib.a : interrupt.obj (.text:IntMasterEnable)
                  20007b82    00000006                 : utils.obj (.text:UtilsDelay)
                  20007b88    00000006     rtsv7M4_T_le_eabi.lib : copy_decompress_rle.obj (.text:decompress:rle24)
                  20007b8e    00000004                           : pre_init.obj (.text)

.const     0    20007b94    00000380     
                  20007b94    00000101     rtsv7M4_T_le_eabi.lib : ctype.obj (.const:.string:_ctypes_)
                  20007c95    00000003     --HOLE-- [fill = 0]
                  20007c98    00000100     driverlib.a : pin.obj (.const:g_ulPinToPadMap)
                  20007d98    000000a8                 : prcm.obj (.const:PRCM_PeriphRegsList)
                  20007e40    00000080                 : interrupt.obj (.const)
                  20007ec0    00000040     iodriver.obj (.const:.string:g_ucPinMap)
                  20007f00    00000014     iodriver.obj (.const)

.cinit     0    20007f18    00000078     
                  20007f18    0000004e     (.cinit..data.load) [load image, compression = rle]
                  20007f66    00000002     --HOLE-- [fill = 0]
                  20007f68    0000000c     (__TI_handler_table)
                  20007f74    00000004     --HOLE-- [fill = 0]
                  20007f78    00000008     (.cinit..bss.load) [load image, compression = zero_init]
                  20007f80    00000010     (__TI_cinit_table)

.sysmem    0    20017000    00000800     UNINITIALIZED
                  20017000    00000008     rtsv7M4_T_le_eabi.lib : memory.obj (.sysmem)
                  20017008    000007f8     --HOLE--

.data      0    20017800    0000015c     UNINITIALIZED
                  20017800    000000b0     rtsv7M4_T_le_eabi.lib : signal.obj (.data:sigtable)
                  200178b0    00000080                           : xvalues.obj (.data)
                  20017930    0000000c                           : memory.obj (.data)
                  2001793c    00000008                           : _lock.obj (.data)
                  20017944    00000008                           : exit.obj (.data)
                  2001794c    00000008                           : feraiseexcept.obj (.data)
                  20017954    00000004                           : errno.obj (.data)
                  20017958    00000004                           : stkdepth_vars.obj (.data)

.TI.persistent 
*          0    20017800    00000000     UNINITIALIZED

.bss       0    2001795c    00000004     UNINITIALIZED
                  2001795c    00000004     (.common:__Errorlog)

.TI.noinit 
*          0    2001795c    00000000     UNINITIALIZED

.stack     0    2002f800    00000800     UNINITIALIZED
                  2002f800    00000800     --HOLE--


LINKER GENERATED COPY TABLES

__TI_cinit_table @ 20007f80 records: 2, size/record: 8, table size: 16
	.data: load addr=20007f18, load size=0000004e bytes, run addr=20017800, run size=0000015c bytes, compression=rle
	.bss: load addr=20007f78, load size=00000008 bytes, run addr=2001795c, run size=00000004 bytes, compression=zero_init


LINKER GENERATED HANDLER TABLE

__TI_handler_table @ 20007f68 records: 3, size/record: 4, table size: 12
	index: 0, handler: __TI_decompress_rle24
	index: 1, handler: __TI_decompress_none
	index: 2, handler: __TI_zero_init


GLOBAL SYMBOLS: SORTED ALPHABETICALLY BY Name 

address   name                    
-------   ----                    
20007521  ADCChannelEnable        
20007ad9  ADCEnable               
200078f1  ADCTimerConfig          
20007a81  ADCTimerEnable          
20005a2f  ADC_GetChannel          
200059fd  ADC_Init                
200073e5  C$$EXIT                 
20007aed  CPUcpsie                
20005e71  ClearTerm               
20005e7b  Error                   
200075c9  GPIODirModeSet          
20007a37  GPIOPinRead             
20007935  GPIOPinWrite            
20005885  GPIO_Init               
2000592d  GPIO_ReadValue          
20005991  GPIO_WriteValue         
20005eb3  GetCmd                  
20005e31  InitTerm                
20006991  IntEnable               
20007b79  IntMasterEnable         
20007b01  IntVTableBaseSet        
20005b89  Led_Init                
20005e4f  Message                 
20006591  PRCMCC3200MCUInit       
20007a97  PRCMHIBRegRead          
20007aad  PRCMHIBRegWrite         
2000785d  PRCMPeripheralClkDisable
200074a9  PRCMPeripheralClkEnable 
20006ad5  PRCMPeripheralClockGet  
20007181  PRCMPeripheralReset     
20007789  PRCMSysResetCauseGet    
20005a5f  PWM_Init                
20006bfd  PinConfigSet            
20007429  PinModeSet              
20007b15  PinTypeADC              
2000769d  PinTypeGPIO             
20007a03  PinTypeTimer            
20007a1d  PinTypeUART             
20005ff1  Report                  
20007b5f  ResetISR                
UNDEFED   SHT$$INIT_ARRAY$$Base   
UNDEFED   SHT$$INIT_ARRAY$$Limit  
20005c1d  SetPWMLoad              
200073a1  TimerConfigure          
200075ff  TimerControlLevel       
20007955  TimerDisable            
20007973  TimerEnable             
200079af  TimerLoadGet            
200077b5  TimerLoadSet            
200077df  TimerMatchSet           
20007809  TimerPrescaleSet        
20005f59  TrimSpace               
200079cb  UARTCharGetNonBlocking  
20007991  UARTCharPut             
20007a4f  UARTCharsAvail          
20006f0d  UARTConfigSetExpClk     
200076cd  UARTDisable             
20007885  UARTEnable              
20007b83  UtilsDelay              
20007833  _Dclass                 
200178b0  _Denorm                 
200068d1  _Dnorm                  
200066c5  _Dscale                 
2000705b  _Dunscale               
200178c0  _Eps                    
20017954  _Errno                  
2001794c  _Fenv                   
200076fd  _Feraise                
200178d0  _Hugeval                
200178e0  _Inf                    
200178f0  _Nan                    
20017910  _Rteps                  
20017900  _Snan                   
20017950  _Tls_setup__Fenv        
20017920  _Xbig                   
20017928  _Zero                   
20030000  __STACK_END             
00000800  __STACK_SIZE            
00000800  __SYSMEM_SIZE           
20007f80  __TI_CINIT_Base         
20007f90  __TI_CINIT_Limit        
20007f68  __TI_Handler_Table_Base 
20007f74  __TI_Handler_Table_Limit
20006f85  __TI_auto_init          
20017944  __TI_cleanup_ptr        
20007b51  __TI_decompress_none    
20007b89  __TI_decompress_rle24   
20017948  __TI_dtors_ptr          
200051a1  __TI_printfi            
20007f18  __TI_static_base__      
20007b6d  __TI_zero_init          
20006d0d  __aeabi_cdcmpeq         
20006d0d  __aeabi_cdcmple         
20006d93  __aeabi_cdrcmple        
200070c1  __aeabi_cfcmpeq         
200070c1  __aeabi_cfcmple         
20007121  __aeabi_cfrcmple        
200072c9  __aeabi_d2f             
20007313  __aeabi_d2iz            
200062af  __aeabi_dadd            
2000645b  __aeabi_ddiv            
200067d5  __aeabi_dmul            
200062a5  __aeabi_dsub            
20007559  __aeabi_f2d             
20007591  __aeabi_f2iz            
20007669  __aeabi_f2uiz           
20006b69  __aeabi_fdiv            
20006e19  __aeabi_fmul            
2000772d  __aeabi_i2d             
20006e93  __aeabi_memclr          
20006e93  __aeabi_memclr4         
20006e93  __aeabi_memclr8         
20006a39  __aeabi_memcpy          
20006a39  __aeabi_memcpy4         
20006a39  __aeabi_memcpy8         
20006e95  __aeabi_memset          
20006e95  __aeabi_memset4         
20006e95  __aeabi_memset8         
200078cd  __aeabi_ui2f            
200060b1  __aeabi_uldivmod        
ffffffff  __binit__               
ffffffff  __c_args__              
2002f800  __stack                 
20007a69  _args_main              
200074e5  _c_int00                
20007b94  _ctypes_                
2001793c  _lock                   
20007b37  _nop                    
20007b2f  _register_lock          
20007b29  _register_unlock        
20017000  _sys_memory             
20007b8f  _system_pre_init        
20017940  _unlock                 
200073e9  abort                   
20007231  atoi                    
ffffffff  binit                   
20005851  calloc                  
2000727d  copy_in                 
200073f1  exit                    
20007635  feraiseexcept           
2000559f  free                    
20007913  frexp                   
20004000  g_pfnVectors            
2000735b  ldexp                   
200071d9  ltoa                    
20005cf3  main                    
20017958  main_func_sp            
20005537  malloc                  
2000576d  memalign                
200079e7  memccpy                 
20006a39  memcpy                  
200078a9  memmove                 
20006e9b  memset                  
200054a9  minit                   
2000775b  raise                   
20005661  realloc                 
20007469  signal                  
20007ac3  strchr                  
20007b3d  strlen                  
20006c85  vsnprintf               


GLOBAL SYMBOLS: SORTED BY Symbol Address 

address   name                    
-------   ----                    
00000800  __STACK_SIZE            
00000800  __SYSMEM_SIZE           
20004000  g_pfnVectors            
200051a1  __TI_printfi            
200054a9  minit                   
20005537  malloc                  
2000559f  free                    
20005661  realloc                 
2000576d  memalign                
20005851  calloc                  
20005885  GPIO_Init               
2000592d  GPIO_ReadValue          
20005991  GPIO_WriteValue         
200059fd  ADC_Init                
20005a2f  ADC_GetChannel          
20005a5f  PWM_Init                
20005b89  Led_Init                
20005c1d  SetPWMLoad              
20005cf3  main                    
20005e31  InitTerm                
20005e4f  Message                 
20005e71  ClearTerm               
20005e7b  Error                   
20005eb3  GetCmd                  
20005f59  TrimSpace               
20005ff1  Report                  
200060b1  __aeabi_uldivmod        
200062a5  __aeabi_dsub            
200062af  __aeabi_dadd            
2000645b  __aeabi_ddiv            
20006591  PRCMCC3200MCUInit       
200066c5  _Dscale                 
200067d5  __aeabi_dmul            
200068d1  _Dnorm                  
20006991  IntEnable               
20006a39  __aeabi_memcpy          
20006a39  __aeabi_memcpy4         
20006a39  __aeabi_memcpy8         
20006a39  memcpy                  
20006ad5  PRCMPeripheralClockGet  
20006b69  __aeabi_fdiv            
20006bfd  PinConfigSet            
20006c85  vsnprintf               
20006d0d  __aeabi_cdcmpeq         
20006d0d  __aeabi_cdcmple         
20006d93  __aeabi_cdrcmple        
20006e19  __aeabi_fmul            
20006e93  __aeabi_memclr          
20006e93  __aeabi_memclr4         
20006e93  __aeabi_memclr8         
20006e95  __aeabi_memset          
20006e95  __aeabi_memset4         
20006e95  __aeabi_memset8         
20006e9b  memset                  
20006f0d  UARTConfigSetExpClk     
20006f85  __TI_auto_init          
2000705b  _Dunscale               
200070c1  __aeabi_cfcmpeq         
200070c1  __aeabi_cfcmple         
20007121  __aeabi_cfrcmple        
20007181  PRCMPeripheralReset     
200071d9  ltoa                    
20007231  atoi                    
2000727d  copy_in                 
200072c9  __aeabi_d2f             
20007313  __aeabi_d2iz            
2000735b  ldexp                   
200073a1  TimerConfigure          
200073e5  C$$EXIT                 
200073e9  abort                   
200073f1  exit                    
20007429  PinModeSet              
20007469  signal                  
200074a9  PRCMPeripheralClkEnable 
200074e5  _c_int00                
20007521  ADCChannelEnable        
20007559  __aeabi_f2d             
20007591  __aeabi_f2iz            
200075c9  GPIODirModeSet          
200075ff  TimerControlLevel       
20007635  feraiseexcept           
20007669  __aeabi_f2uiz           
2000769d  PinTypeGPIO             
200076cd  UARTDisable             
200076fd  _Feraise                
2000772d  __aeabi_i2d             
2000775b  raise                   
20007789  PRCMSysResetCauseGet    
200077b5  TimerLoadSet            
200077df  TimerMatchSet           
20007809  TimerPrescaleSet        
20007833  _Dclass                 
2000785d  PRCMPeripheralClkDisable
20007885  UARTEnable              
200078a9  memmove                 
200078cd  __aeabi_ui2f            
200078f1  ADCTimerConfig          
20007913  frexp                   
20007935  GPIOPinWrite            
20007955  TimerDisable            
20007973  TimerEnable             
20007991  UARTCharPut             
200079af  TimerLoadGet            
200079cb  UARTCharGetNonBlocking  
200079e7  memccpy                 
20007a03  PinTypeTimer            
20007a1d  PinTypeUART             
20007a37  GPIOPinRead             
20007a4f  UARTCharsAvail          
20007a69  _args_main              
20007a81  ADCTimerEnable          
20007a97  PRCMHIBRegRead          
20007aad  PRCMHIBRegWrite         
20007ac3  strchr                  
20007ad9  ADCEnable               
20007aed  CPUcpsie                
20007b01  IntVTableBaseSet        
20007b15  PinTypeADC              
20007b29  _register_unlock        
20007b2f  _register_lock          
20007b37  _nop                    
20007b3d  strlen                  
20007b51  __TI_decompress_none    
20007b5f  ResetISR                
20007b6d  __TI_zero_init          
20007b79  IntMasterEnable         
20007b83  UtilsDelay              
20007b89  __TI_decompress_rle24   
20007b8f  _system_pre_init        
20007b94  _ctypes_                
20007f18  __TI_static_base__      
20007f68  __TI_Handler_Table_Base 
20007f74  __TI_Handler_Table_Limit
20007f80  __TI_CINIT_Base         
20007f90  __TI_CINIT_Limit        
20017000  _sys_memory             
200178b0  _Denorm                 
200178c0  _Eps                    
200178d0  _Hugeval                
200178e0  _Inf                    
200178f0  _Nan                    
20017900  _Snan                   
20017910  _Rteps                  
20017920  _Xbig                   
20017928  _Zero                   
2001793c  _lock                   
20017940  _unlock                 
20017944  __TI_cleanup_ptr        
20017948  __TI_dtors_ptr          
2001794c  _Fenv                   
20017950  _Tls_setup__Fenv        
20017954  _Errno                  
20017958  main_func_sp            
2002f800  __stack                 
20030000  __STACK_END             
ffffffff  __binit__               
ffffffff  __c_args__              
ffffffff  binit                   
UNDEFED   SHT$$INIT_ARRAY$$Base   
UNDEFED   SHT$$INIT_ARRAY$$Limit  

[160 symbols]
